
 ============================>     TALLY 1     <============================

 Mesh Index (1, 1, 1)
   Total Reaction Rate         5.29048        +/- 8.28214E-03
   Scattering Rate             4.28587        +/- 6.87254E-03
   Scattering Production Rate  4.29048        +/- 8.28214E-03
   Absorption Rate             1.00462        +/- 1.42871E-03
   Fission Rate                0.929059       +/- 1.27323E-03
   Nu-Fission Rate             2.67051        +/- 3.56224E-03
