MESH (1. 1, 1)  GROUP 1           7.52707E-16
MESH (2. 1, 1)  GROUP 1           -1.65479E-15
MESH (3. 1, 1)  GROUP 1           1.56304E-15
MESH (4. 1, 1)  GROUP 1           -4.80600E-15
MESH (5. 1, 1)  GROUP 1           1.19895E-14
MESH (6. 1, 1)  GROUP 1           4.04080E-07
MESH (7. 1, 1)  GROUP 1           2.07846E-05
MESH (8. 1, 1)  GROUP 1           -2.28052E-05
MESH (9. 1, 1)  GROUP 1           -1.71395E-05
MESH (10. 1, 1)  GROUP 1          -3.48701E-05
MESH (11. 1, 1)  GROUP 1          1.91582E-05
MESH (12. 1, 1)  GROUP 1          2.64183E-05
MESH (13. 1, 1)  GROUP 1          2.28844E-06
MESH (14. 1, 1)  GROUP 1          -4.68284E-05
MESH (15. 1, 1)  GROUP 1          -1.10939E-05
MESH (16. 1, 1)  GROUP 1          -8.44164E-06
MESH (17. 1, 1)  GROUP 1          4.86253E-06
MESH (18. 1, 1)  GROUP 1          -7.79630E-06
MESH (19. 1, 1)  GROUP 1          -6.32330E-06
MESH (20. 1, 1)  GROUP 1          1.04562E-05
MESH (21. 1, 1)  GROUP 1          1.42538E-05
MESH (22. 1, 1)  GROUP 1          -5.99914E-07
MESH (23. 1, 1)  GROUP 1          -1.43596E-05
MESH (24. 1, 1)  GROUP 1          2.05266E-05
MESH (25. 1, 1)  GROUP 1          2.62863E-05
MESH (26. 1, 1)  GROUP 1          8.68977E-15
MESH (27. 1, 1)  GROUP 1          -4.11281E-15
MESH (28. 1, 1)  GROUP 1          -6.41653E-15
MESH (29. 1, 1)  GROUP 1          2.89187E-15
MESH (30. 1, 1)  GROUP 1          2.50692E-15
