
 ============================>     TALLY 1     <============================

 Mesh Index (1, 1, 1)
   Flux                        0.497224       +/- 1.84168E-04
   Total Reaction Rate         0.330497       +/- 1.39504E-04
   First Scattering Moment     1.46987E-03    +/- 3.34925E-05
 Mesh Index (2, 1, 1)
   Flux                        0.672720       +/- 2.37185E-04
   Total Reaction Rate         0.469599       +/- 2.01987E-04
   First Scattering Moment     1.86327E-03    +/- 4.00589E-05
 Mesh Index (3, 1, 1)
   Flux                        0.810645       +/- 2.67859E-04
   Total Reaction Rate         0.550980       +/- 2.27213E-04
   First Scattering Moment     2.24779E-03    +/- 4.31710E-05
 Mesh Index (4, 1, 1)
   Flux                        0.924526       +/- 2.88194E-04
   Total Reaction Rate         0.577747       +/- 2.23319E-04
   First Scattering Moment     3.02820E-03    +/- 4.39766E-05
 Mesh Index (5, 1, 1)
   Flux                        1.03355        +/- 2.94757E-04
   Total Reaction Rate         0.542677       +/- 1.82663E-04
   First Scattering Moment     4.33008E-03    +/- 4.28226E-05
 Mesh Index (6, 1, 1)
   Flux                        1.09582        +/- 3.99731E-04
   Total Reaction Rate         0.145993       +/- 4.67443E-05
   First Scattering Moment     2.62606E-02    +/- 2.09202E-05
 Mesh Index (7, 1, 1)
   Flux                        1.11113        +/- 4.03121E-04
   Total Reaction Rate         0.115122       +/- 4.10021E-05
   First Scattering Moment     2.75901E-02    +/- 2.07014E-05
 Mesh Index (8, 1, 1)
   Flux                        1.14127        +/- 4.12698E-04
   Total Reaction Rate         0.114075       +/- 4.09530E-05
   First Scattering Moment     2.88418E-02    +/- 2.12000E-05
 Mesh Index (9, 1, 1)
   Flux                        1.16983        +/- 4.13631E-04
   Total Reaction Rate         0.114732       +/- 4.03471E-05
   First Scattering Moment     2.98941E-02    +/- 2.13340E-05
 Mesh Index (10, 1, 1)
   Flux                        1.19530        +/- 4.16597E-04
   Total Reaction Rate         0.115856       +/- 4.02536E-05
   First Scattering Moment     3.07557E-02    +/- 2.16959E-05
 Mesh Index (11, 1, 1)
   Flux                        1.21734        +/- 4.25524E-04
   Total Reaction Rate         0.117075       +/- 4.09220E-05
   First Scattering Moment     3.14740E-02    +/- 2.19058E-05
 Mesh Index (12, 1, 1)
   Flux                        1.23593        +/- 4.19824E-04
   Total Reaction Rate         0.118219       +/- 4.02343E-05
   First Scattering Moment     3.21093E-02    +/- 2.18370E-05
 Mesh Index (13, 1, 1)
   Flux                        1.24938        +/- 4.27834E-04
   Total Reaction Rate         0.119107       +/- 4.07234E-05
   First Scattering Moment     3.25247E-02    +/- 2.22208E-05
 Mesh Index (14, 1, 1)
   Flux                        1.25864        +/- 4.32657E-04
   Total Reaction Rate         0.119731       +/- 4.11252E-05
   First Scattering Moment     3.27987E-02    +/- 2.20259E-05
 Mesh Index (15, 1, 1)
   Flux                        1.26417        +/- 4.37092E-04
   Total Reaction Rate         0.120137       +/- 4.15633E-05
   First Scattering Moment     3.29599E-02    +/- 2.21781E-05
 Mesh Index (16, 1, 1)
   Flux                        1.26419        +/- 4.25665E-04
   Total Reaction Rate         0.120127       +/- 4.03451E-05
   First Scattering Moment     3.29738E-02    +/- 2.21123E-05
 Mesh Index (17, 1, 1)
   Flux                        1.25875        +/- 4.24823E-04
   Total Reaction Rate         0.119756       +/- 4.04032E-05
   First Scattering Moment     3.27904E-02    +/- 2.19802E-05
 Mesh Index (18, 1, 1)
   Flux                        1.24995        +/- 4.26144E-04
   Total Reaction Rate         0.119169       +/- 4.05631E-05
   First Scattering Moment     3.25509E-02    +/- 2.16581E-05
 Mesh Index (19, 1, 1)
   Flux                        1.23660        +/- 4.26384E-04
   Total Reaction Rate         0.118302       +/- 4.07905E-05
   First Scattering Moment     3.20898E-02    +/- 2.18754E-05
 Mesh Index (20, 1, 1)
   Flux                        1.21749        +/- 4.24473E-04
   Total Reaction Rate         0.117083       +/- 4.08604E-05
   First Scattering Moment     3.15014E-02    +/- 2.17245E-05
 Mesh Index (21, 1, 1)
   Flux                        1.19591        +/- 4.16938E-04
   Total Reaction Rate         0.115898       +/- 4.02478E-05
   First Scattering Moment     3.07987E-02    +/- 2.13386E-05
 Mesh Index (22, 1, 1)
   Flux                        1.17099        +/- 4.15945E-04
   Total Reaction Rate         0.114837       +/- 4.05191E-05
   First Scattering Moment     2.98822E-02    +/- 2.13555E-05
 Mesh Index (23, 1, 1)
   Flux                        1.14087        +/- 4.07021E-04
   Total Reaction Rate         0.114064       +/- 4.03628E-05
   First Scattering Moment     2.88359E-02    +/- 2.10296E-05
 Mesh Index (24, 1, 1)
   Flux                        1.11195        +/- 4.00239E-04
   Total Reaction Rate         0.115196       +/- 4.06335E-05
   First Scattering Moment     2.75903E-02    +/- 2.08428E-05
 Mesh Index (25, 1, 1)
   Flux                        1.09551        +/- 4.03044E-04
   Total Reaction Rate         0.145967       +/- 4.68575E-05
   First Scattering Moment     2.62523E-02    +/- 2.08339E-05
 Mesh Index (26, 1, 1)
   Flux                        1.03397        +/- 2.91300E-04
   Total Reaction Rate         0.542769       +/- 1.80178E-04
   First Scattering Moment     4.18516E-03    +/- 4.32739E-05
 Mesh Index (27, 1, 1)
   Flux                        0.924585       +/- 2.85095E-04
   Total Reaction Rate         0.577921       +/- 2.22542E-04
   First Scattering Moment     3.03456E-03    +/- 4.44558E-05
 Mesh Index (28, 1, 1)
   Flux                        0.810704       +/- 2.66757E-04
   Total Reaction Rate         0.551347       +/- 2.25263E-04
   First Scattering Moment     2.28392E-03    +/- 4.35081E-05
 Mesh Index (29, 1, 1)
   Flux                        0.672725       +/- 2.33331E-04
   Total Reaction Rate         0.469843       +/- 1.99096E-04
   First Scattering Moment     1.83237E-03    +/- 3.99587E-05
 Mesh Index (30, 1, 1)
   Flux                        0.497355       +/- 1.83246E-04
   Total Reaction Rate         0.330729       +/- 1.38128E-04
   First Scattering Moment     1.47125E-03    +/- 3.32181E-05

 ============================>     TALLY 2     <============================

 Mesh Index (1, 1, 1)
   Scattering Production Rate  0.329945       +/- 1.39314E-04
   Nu-Fission Rate             0.0            +/- 0.0
 Mesh Index (2, 1, 1)
   Scattering Production Rate  0.468761       +/- 2.01604E-04
   Nu-Fission Rate             0.0            +/- 0.0
 Mesh Index (3, 1, 1)
   Scattering Production Rate  0.550032       +/- 2.26846E-04
   Nu-Fission Rate             0.0            +/- 0.0
 Mesh Index (4, 1, 1)
   Scattering Production Rate  0.576864       +/- 2.22972E-04
   Nu-Fission Rate             0.0            +/- 0.0
 Mesh Index (5, 1, 1)
   Scattering Production Rate  0.542041       +/- 1.82432E-04
   Nu-Fission Rate             0.0            +/- 0.0
 Mesh Index (6, 1, 1)
   Scattering Production Rate  8.93884E-02    +/- 3.67647E-05
   Nu-Fission Rate             0.118308       +/- 4.16553E-05
 Mesh Index (7, 1, 1)
   Scattering Production Rate  8.82099E-02    +/- 3.61204E-05
   Nu-Fission Rate             6.53254E-02    +/- 2.45016E-05
 Mesh Index (8, 1, 1)
   Scattering Production Rate  8.93952E-02    +/- 3.63259E-05
   Nu-Fission Rate             6.22540E-02    +/- 2.30433E-05
 Mesh Index (9, 1, 1)
   Scattering Production Rate  9.08205E-02    +/- 3.59312E-05
   Nu-Fission Rate             6.15807E-02    +/- 2.21918E-05
 Mesh Index (10, 1, 1)
   Scattering Production Rate  9.22390E-02    +/- 3.61095E-05
   Nu-Fission Rate             6.16404E-02    +/- 2.17929E-05
 Mesh Index (11, 1, 1)
   Scattering Production Rate  9.35145E-02    +/- 3.70271E-05
   Nu-Fission Rate             6.19955E-02    +/- 2.19747E-05
 Mesh Index (12, 1, 1)
   Scattering Production Rate  9.46256E-02    +/- 3.62819E-05
   Nu-Fission Rate             6.24486E-02    +/- 2.14668E-05
 Mesh Index (13, 1, 1)
   Scattering Production Rate  9.54631E-02    +/- 3.66924E-05
   Nu-Fission Rate             6.28245E-02    +/- 2.17206E-05
 Mesh Index (14, 1, 1)
   Scattering Production Rate  9.60643E-02    +/- 3.71530E-05
   Nu-Fission Rate             6.30938E-02    +/- 2.20266E-05
 Mesh Index (15, 1, 1)
   Scattering Production Rate  9.64047E-02    +/- 3.75910E-05
   Nu-Fission Rate             6.32785E-02    +/- 2.20929E-05
 Mesh Index (16, 1, 1)
   Scattering Production Rate  9.63965E-02    +/- 3.65068E-05
   Nu-Fission Rate             6.32788E-02    +/- 2.15235E-05
 Mesh Index (17, 1, 1)
   Scattering Production Rate  9.60535E-02    +/- 3.65310E-05
   Nu-Fission Rate             6.31062E-02    +/- 2.15268E-05
 Mesh Index (18, 1, 1)
   Scattering Production Rate  9.55252E-02    +/- 3.64827E-05
   Nu-Fission Rate             6.28428E-02    +/- 2.16188E-05
 Mesh Index (19, 1, 1)
   Scattering Production Rate  9.46932E-02    +/- 3.69323E-05
   Nu-Fission Rate             6.24872E-02    +/- 2.17349E-05
 Mesh Index (20, 1, 1)
   Scattering Production Rate  9.35129E-02    +/- 3.68432E-05
   Nu-Fission Rate             6.20083E-02    +/- 2.19595E-05
 Mesh Index (21, 1, 1)
   Scattering Production Rate  9.22626E-02    +/- 3.60837E-05
   Nu-Fission Rate             6.16714E-02    +/- 2.17991E-05
 Mesh Index (22, 1, 1)
   Scattering Production Rate  9.09108E-02    +/- 3.64137E-05
   Nu-Fission Rate             6.16139E-02    +/- 2.21842E-05
 Mesh Index (23, 1, 1)
   Scattering Production Rate  8.93766E-02    +/- 3.58663E-05
   Nu-Fission Rate             6.22308E-02    +/- 2.27942E-05
 Mesh Index (24, 1, 1)
   Scattering Production Rate  8.82761E-02    +/- 3.58413E-05
   Nu-Fission Rate             6.53614E-02    +/- 2.43541E-05
 Mesh Index (25, 1, 1)
   Scattering Production Rate  8.93632E-02    +/- 3.67466E-05
   Nu-Fission Rate             0.118272       +/- 4.16523E-05
 Mesh Index (26, 1, 1)
   Scattering Production Rate  0.542133       +/- 1.79954E-04
   Nu-Fission Rate             0.0            +/- 0.0
 Mesh Index (27, 1, 1)
   Scattering Production Rate  0.577037       +/- 2.22260E-04
   Nu-Fission Rate             0.0            +/- 0.0
 Mesh Index (28, 1, 1)
   Scattering Production Rate  0.550393       +/- 2.24853E-04
   Nu-Fission Rate             0.0            +/- 0.0
 Mesh Index (29, 1, 1)
   Scattering Production Rate  0.468999       +/- 1.98732E-04
   Nu-Fission Rate             0.0            +/- 0.0
 Mesh Index (30, 1, 1)
   Scattering Production Rate  0.330171       +/- 1.37876E-04
   Nu-Fission Rate             0.0            +/- 0.0

 ============================>     TALLY 3     <============================

 Mesh Index (1, 1, 1)
     Outgoing Current to Left     0.222117       +/- 4.24536E-05
     Incoming Current from Left   0.0            +/- 0.0
     Incoming Current from Right  0.268603       +/- 5.35750E-05
     Outgoing Current to Right    4.59333E-02    +/- 2.71348E-05
     Outgoing Current to Back     0.0            +/- 0.0
     Incoming Current from Back   0.0            +/- 0.0
     Incoming Current from Front  0.0            +/- 0.0
     Outgoing Current to Front    0.0            +/- 0.0
     Outgoing Current to Bottom   0.0            +/- 0.0
     Incoming Current from Bottom 0.0            +/- 0.0
     Incoming Current from Top    0.0            +/- 0.0
     Outgoing Current to Top      0.0            +/- 0.0
 Mesh Index (2, 1, 1)
     Outgoing Current to Left     0.268603       +/- 5.35750E-05
     Incoming Current from Left   4.59333E-02    +/- 2.71348E-05
     Incoming Current from Right  0.305663       +/- 6.05912E-05
     Outgoing Current to Right    8.21548E-02    +/- 3.86554E-05
     Outgoing Current to Back     0.0            +/- 0.0
     Incoming Current from Back   0.0            +/- 0.0
     Incoming Current from Front  0.0            +/- 0.0
     Outgoing Current to Front    0.0            +/- 0.0
     Outgoing Current to Bottom   0.0            +/- 0.0
     Incoming Current from Bottom 0.0            +/- 0.0
     Incoming Current from Top    0.0            +/- 0.0
     Outgoing Current to Top      0.0            +/- 0.0
 Mesh Index (3, 1, 1)
     Outgoing Current to Left     0.305663       +/- 6.05912E-05
     Incoming Current from Left   8.21548E-02    +/- 3.86554E-05
     Incoming Current from Right  0.334910       +/- 6.32972E-05
     Outgoing Current to Right    0.110454       +/- 4.43585E-05
     Outgoing Current to Back     0.0            +/- 0.0
     Incoming Current from Back   0.0            +/- 0.0
     Incoming Current from Front  0.0            +/- 0.0
     Outgoing Current to Front    0.0            +/- 0.0
     Outgoing Current to Bottom   0.0            +/- 0.0
     Incoming Current from Bottom 0.0            +/- 0.0
     Incoming Current from Top    0.0            +/- 0.0
     Outgoing Current to Top      0.0            +/- 0.0
 Mesh Index (4, 1, 1)
     Outgoing Current to Left     0.334910       +/- 6.32972E-05
     Incoming Current from Left   0.110454       +/- 4.43585E-05
     Incoming Current from Right  0.355902       +/- 6.20412E-05
     Outgoing Current to Right    0.130562       +/- 4.46830E-05
     Outgoing Current to Back     0.0            +/- 0.0
     Incoming Current from Back   0.0            +/- 0.0
     Incoming Current from Front  0.0            +/- 0.0
     Outgoing Current to Front    0.0            +/- 0.0
     Outgoing Current to Bottom   0.0            +/- 0.0
     Incoming Current from Bottom 0.0            +/- 0.0
     Incoming Current from Top    0.0            +/- 0.0
     Outgoing Current to Top      0.0            +/- 0.0
 Mesh Index (5, 1, 1)
     Outgoing Current to Left     0.355902       +/- 6.20412E-05
     Incoming Current from Left   0.130562       +/- 4.46830E-05
     Incoming Current from Right  0.368437       +/- 5.79441E-05
     Outgoing Current to Right    0.142461       +/- 4.10308E-05
     Outgoing Current to Back     0.0            +/- 0.0
     Incoming Current from Back   0.0            +/- 0.0
     Incoming Current from Front  0.0            +/- 0.0
     Outgoing Current to Front    0.0            +/- 0.0
     Outgoing Current to Bottom   0.0            +/- 0.0
     Incoming Current from Bottom 0.0            +/- 0.0
     Incoming Current from Top    0.0            +/- 0.0
     Outgoing Current to Top      0.0            +/- 0.0
 Mesh Index (6, 1, 1)
     Outgoing Current to Left     0.368437       +/- 5.79441E-05
     Incoming Current from Left   0.142461       +/- 4.10308E-05
     Incoming Current from Right  0.345296       +/- 5.61154E-05
     Outgoing Current to Right    0.149350       +/- 4.38671E-05
     Outgoing Current to Back     0.0            +/- 0.0
     Incoming Current from Back   0.0            +/- 0.0
     Incoming Current from Front  0.0            +/- 0.0
     Outgoing Current to Front    0.0            +/- 0.0
     Outgoing Current to Bottom   0.0            +/- 0.0
     Incoming Current from Bottom 0.0            +/- 0.0
     Incoming Current from Top    0.0            +/- 0.0
     Outgoing Current to Top      0.0            +/- 0.0
 Mesh Index (7, 1, 1)
     Outgoing Current to Left     0.345296       +/- 5.61154E-05
     Incoming Current from Left   0.149350       +/- 4.38671E-05
     Incoming Current from Right  0.340425       +/- 5.52995E-05
     Outgoing Current to Right    0.165425       +/- 4.60605E-05
     Outgoing Current to Back     0.0            +/- 0.0
     Incoming Current from Back   0.0            +/- 0.0
     Incoming Current from Front  0.0            +/- 0.0
     Outgoing Current to Front    0.0            +/- 0.0
     Outgoing Current to Bottom   0.0            +/- 0.0
     Incoming Current from Bottom 0.0            +/- 0.0
     Incoming Current from Top    0.0            +/- 0.0
     Outgoing Current to Top      0.0            +/- 0.0
 Mesh Index (8, 1, 1)
     Outgoing Current to Left     0.340425       +/- 5.52995E-05
     Incoming Current from Left   0.165425       +/- 4.60605E-05
     Incoming Current from Right  0.336018       +/- 5.50667E-05
     Outgoing Current to Right    0.181903       +/- 4.82672E-05
     Outgoing Current to Back     0.0            +/- 0.0
     Incoming Current from Back   0.0            +/- 0.0
     Incoming Current from Front  0.0            +/- 0.0
     Outgoing Current to Front    0.0            +/- 0.0
     Outgoing Current to Bottom   0.0            +/- 0.0
     Incoming Current from Bottom 0.0            +/- 0.0
     Incoming Current from Top    0.0            +/- 0.0
     Outgoing Current to Top      0.0            +/- 0.0
 Mesh Index (9, 1, 1)
     Outgoing Current to Left     0.336018       +/- 5.50667E-05
     Incoming Current from Left   0.181903       +/- 4.82672E-05
     Incoming Current from Right  0.331111       +/- 5.46399E-05
     Outgoing Current to Right    0.198162       +/- 5.04453E-05
     Outgoing Current to Back     0.0            +/- 0.0
     Incoming Current from Back   0.0            +/- 0.0
     Incoming Current from Front  0.0            +/- 0.0
     Outgoing Current to Front    0.0            +/- 0.0
     Outgoing Current to Bottom   0.0            +/- 0.0
     Incoming Current from Bottom 0.0            +/- 0.0
     Incoming Current from Top    0.0            +/- 0.0
     Outgoing Current to Top      0.0            +/- 0.0
 Mesh Index (10, 1, 1)
     Outgoing Current to Left     0.331111       +/- 5.46399E-05
     Incoming Current from Left   0.198162       +/- 5.04453E-05
     Incoming Current from Right  0.325422       +/- 5.45431E-05
     Outgoing Current to Right    0.213960       +/- 5.15824E-05
     Outgoing Current to Back     0.0            +/- 0.0
     Incoming Current from Back   0.0            +/- 0.0
     Incoming Current from Front  0.0            +/- 0.0
     Outgoing Current to Front    0.0            +/- 0.0
     Outgoing Current to Bottom   0.0            +/- 0.0
     Incoming Current from Bottom 0.0            +/- 0.0
     Incoming Current from Top    0.0            +/- 0.0
     Outgoing Current to Top      0.0            +/- 0.0
 Mesh Index (11, 1, 1)
     Outgoing Current to Left     0.325422       +/- 5.45431E-05
     Incoming Current from Left   0.213960       +/- 5.15824E-05
     Incoming Current from Right  0.318769       +/- 5.45398E-05
     Outgoing Current to Right    0.229163       +/- 5.27614E-05
     Outgoing Current to Back     0.0            +/- 0.0
     Incoming Current from Back   0.0            +/- 0.0
     Incoming Current from Front  0.0            +/- 0.0
     Outgoing Current to Front    0.0            +/- 0.0
     Outgoing Current to Bottom   0.0            +/- 0.0
     Incoming Current from Bottom 0.0            +/- 0.0
     Incoming Current from Top    0.0            +/- 0.0
     Outgoing Current to Top      0.0            +/- 0.0
 Mesh Index (12, 1, 1)
     Outgoing Current to Left     0.318769       +/- 5.45398E-05
     Incoming Current from Left   0.229163       +/- 5.27614E-05
     Incoming Current from Right  0.311059       +/- 5.45597E-05
     Outgoing Current to Right    0.243616       +/- 5.32861E-05
     Outgoing Current to Back     0.0            +/- 0.0
     Incoming Current from Back   0.0            +/- 0.0
     Incoming Current from Front  0.0            +/- 0.0
     Outgoing Current to Front    0.0            +/- 0.0
     Outgoing Current to Bottom   0.0            +/- 0.0
     Incoming Current from Bottom 0.0            +/- 0.0
     Incoming Current from Top    0.0            +/- 0.0
     Outgoing Current to Top      0.0            +/- 0.0
 Mesh Index (13, 1, 1)
     Outgoing Current to Left     0.311059       +/- 5.45597E-05
     Incoming Current from Left   0.243616       +/- 5.32861E-05
     Incoming Current from Right  0.302365       +/- 5.39850E-05
     Outgoing Current to Right    0.257285       +/- 5.38114E-05
     Outgoing Current to Back     0.0            +/- 0.0
     Incoming Current from Back   0.0            +/- 0.0
     Incoming Current from Front  0.0            +/- 0.0
     Outgoing Current to Front    0.0            +/- 0.0
     Outgoing Current to Bottom   0.0            +/- 0.0
     Incoming Current from Bottom 0.0            +/- 0.0
     Incoming Current from Top    0.0            +/- 0.0
     Outgoing Current to Top      0.0            +/- 0.0
 Mesh Index (14, 1, 1)
     Outgoing Current to Left     0.302365       +/- 5.39850E-05
     Incoming Current from Left   0.257285       +/- 5.38114E-05
     Incoming Current from Right  0.292633       +/- 5.41913E-05
     Outgoing Current to Right    0.270043       +/- 5.38853E-05
     Outgoing Current to Back     0.0            +/- 0.0
     Incoming Current from Back   0.0            +/- 0.0
     Incoming Current from Front  0.0            +/- 0.0
     Outgoing Current to Front    0.0            +/- 0.0
     Outgoing Current to Bottom   0.0            +/- 0.0
     Incoming Current from Bottom 0.0            +/- 0.0
     Incoming Current from Top    0.0            +/- 0.0
     Outgoing Current to Top      0.0            +/- 0.0
 Mesh Index (15, 1, 1)
     Outgoing Current to Left     0.292633       +/- 5.41913E-05
     Incoming Current from Left   0.270043       +/- 5.38853E-05
     Incoming Current from Right  0.281869       +/- 5.43557E-05
     Outgoing Current to Right    0.281874       +/- 5.41799E-05
     Outgoing Current to Back     0.0            +/- 0.0
     Incoming Current from Back   0.0            +/- 0.0
     Incoming Current from Front  0.0            +/- 0.0
     Outgoing Current to Front    0.0            +/- 0.0
     Outgoing Current to Bottom   0.0            +/- 0.0
     Incoming Current from Bottom 0.0            +/- 0.0
     Incoming Current from Top    0.0            +/- 0.0
     Outgoing Current to Top      0.0            +/- 0.0
 Mesh Index (16, 1, 1)
     Outgoing Current to Left     0.281869       +/- 5.43557E-05
     Incoming Current from Left   0.281874       +/- 5.41799E-05
     Incoming Current from Right  0.270104       +/- 5.38687E-05
     Outgoing Current to Right    0.292709       +/- 5.46625E-05
     Outgoing Current to Back     0.0            +/- 0.0
     Incoming Current from Back   0.0            +/- 0.0
     Incoming Current from Front  0.0            +/- 0.0
     Outgoing Current to Front    0.0            +/- 0.0
     Outgoing Current to Bottom   0.0            +/- 0.0
     Incoming Current from Bottom 0.0            +/- 0.0
     Incoming Current from Top    0.0            +/- 0.0
     Outgoing Current to Top      0.0            +/- 0.0
 Mesh Index (17, 1, 1)
     Outgoing Current to Left     0.270104       +/- 5.38687E-05
     Incoming Current from Left   0.292709       +/- 5.46625E-05
     Incoming Current from Right  0.257351       +/- 5.36215E-05
     Outgoing Current to Right    0.302470       +/- 5.48676E-05
     Outgoing Current to Back     0.0            +/- 0.0
     Incoming Current from Back   0.0            +/- 0.0
     Incoming Current from Front  0.0            +/- 0.0
     Outgoing Current to Front    0.0            +/- 0.0
     Outgoing Current to Bottom   0.0            +/- 0.0
     Incoming Current from Bottom 0.0            +/- 0.0
     Incoming Current from Top    0.0            +/- 0.0
     Outgoing Current to Top      0.0            +/- 0.0
 Mesh Index (18, 1, 1)
     Outgoing Current to Left     0.257351       +/- 5.36215E-05
     Incoming Current from Left   0.302470       +/- 5.48676E-05
     Incoming Current from Right  0.243738       +/- 5.32127E-05
     Outgoing Current to Right    0.311224       +/- 5.50566E-05
     Outgoing Current to Back     0.0            +/- 0.0
     Incoming Current from Back   0.0            +/- 0.0
     Incoming Current from Front  0.0            +/- 0.0
     Outgoing Current to Front    0.0            +/- 0.0
     Outgoing Current to Bottom   0.0            +/- 0.0
     Incoming Current from Bottom 0.0            +/- 0.0
     Incoming Current from Top    0.0            +/- 0.0
     Outgoing Current to Top      0.0            +/- 0.0
 Mesh Index (19, 1, 1)
     Outgoing Current to Left     0.243738       +/- 5.32127E-05
     Incoming Current from Left   0.311224       +/- 5.50566E-05
     Incoming Current from Right  0.229233       +/- 5.23319E-05
     Outgoing Current to Right    0.318862       +/- 5.53403E-05
     Outgoing Current to Back     0.0            +/- 0.0
     Incoming Current from Back   0.0            +/- 0.0
     Incoming Current from Front  0.0            +/- 0.0
     Outgoing Current to Front    0.0            +/- 0.0
     Outgoing Current to Bottom   0.0            +/- 0.0
     Incoming Current from Bottom 0.0            +/- 0.0
     Incoming Current from Top    0.0            +/- 0.0
     Outgoing Current to Top      0.0            +/- 0.0
 Mesh Index (20, 1, 1)
     Outgoing Current to Left     0.229233       +/- 5.23319E-05
     Incoming Current from Left   0.318862       +/- 5.53403E-05
     Incoming Current from Right  0.214040       +/- 5.04372E-05
     Outgoing Current to Right    0.325518       +/- 5.54611E-05
     Outgoing Current to Back     0.0            +/- 0.0
     Incoming Current from Back   0.0            +/- 0.0
     Incoming Current from Front  0.0            +/- 0.0
     Outgoing Current to Front    0.0            +/- 0.0
     Outgoing Current to Bottom   0.0            +/- 0.0
     Incoming Current from Bottom 0.0            +/- 0.0
     Incoming Current from Top    0.0            +/- 0.0
     Outgoing Current to Top      0.0            +/- 0.0
 Mesh Index (21, 1, 1)
     Outgoing Current to Left     0.214040       +/- 5.04372E-05
     Incoming Current from Left   0.325518       +/- 5.54611E-05
     Incoming Current from Right  0.198238       +/- 4.90567E-05
     Outgoing Current to Right    0.331255       +/- 5.56986E-05
     Outgoing Current to Back     0.0            +/- 0.0
     Incoming Current from Back   0.0            +/- 0.0
     Incoming Current from Front  0.0            +/- 0.0
     Outgoing Current to Front    0.0            +/- 0.0
     Outgoing Current to Bottom   0.0            +/- 0.0
     Incoming Current from Bottom 0.0            +/- 0.0
     Incoming Current from Top    0.0            +/- 0.0
     Outgoing Current to Top      0.0            +/- 0.0
 Mesh Index (22, 1, 1)
     Outgoing Current to Left     0.198238       +/- 4.90567E-05
     Incoming Current from Left   0.331255       +/- 5.56986E-05
     Incoming Current from Right  0.181931       +/- 4.75745E-05
     Outgoing Current to Right    0.336140       +/- 5.53164E-05
     Outgoing Current to Back     0.0            +/- 0.0
     Incoming Current from Back   0.0            +/- 0.0
     Incoming Current from Front  0.0            +/- 0.0
     Outgoing Current to Front    0.0            +/- 0.0
     Outgoing Current to Bottom   0.0            +/- 0.0
     Incoming Current from Bottom 0.0            +/- 0.0
     Incoming Current from Top    0.0            +/- 0.0
     Outgoing Current to Top      0.0            +/- 0.0
 Mesh Index (23, 1, 1)
     Outgoing Current to Left     0.181931       +/- 4.75745E-05
     Incoming Current from Left   0.336140       +/- 5.53164E-05
     Incoming Current from Right  0.165473       +/- 4.58416E-05
     Outgoing Current to Right    0.340551       +/- 5.53360E-05
     Outgoing Current to Back     0.0            +/- 0.0
     Incoming Current from Back   0.0            +/- 0.0
     Incoming Current from Front  0.0            +/- 0.0
     Outgoing Current to Front    0.0            +/- 0.0
     Outgoing Current to Bottom   0.0            +/- 0.0
     Incoming Current from Bottom 0.0            +/- 0.0
     Incoming Current from Top    0.0            +/- 0.0
     Outgoing Current to Top      0.0            +/- 0.0
 Mesh Index (24, 1, 1)
     Outgoing Current to Left     0.165473       +/- 4.58416E-05
     Incoming Current from Left   0.340551       +/- 5.53360E-05
     Incoming Current from Right  0.149322       +/- 4.38278E-05
     Outgoing Current to Right    0.345364       +/- 5.56835E-05
     Outgoing Current to Back     0.0            +/- 0.0
     Incoming Current from Back   0.0            +/- 0.0
     Incoming Current from Front  0.0            +/- 0.0
     Outgoing Current to Front    0.0            +/- 0.0
     Outgoing Current to Bottom   0.0            +/- 0.0
     Incoming Current from Bottom 0.0            +/- 0.0
     Incoming Current from Top    0.0            +/- 0.0
     Outgoing Current to Top      0.0            +/- 0.0
 Mesh Index (25, 1, 1)
     Outgoing Current to Left     0.149322       +/- 4.38278E-05
     Incoming Current from Left   0.345364       +/- 5.56835E-05
     Incoming Current from Right  0.142468       +/- 4.01735E-05
     Outgoing Current to Right    0.368541       +/- 5.79045E-05
     Outgoing Current to Back     0.0            +/- 0.0
     Incoming Current from Back   0.0            +/- 0.0
     Incoming Current from Front  0.0            +/- 0.0
     Outgoing Current to Front    0.0            +/- 0.0
     Outgoing Current to Bottom   0.0            +/- 0.0
     Incoming Current from Bottom 0.0            +/- 0.0
     Incoming Current from Top    0.0            +/- 0.0
     Outgoing Current to Top      0.0            +/- 0.0
 Mesh Index (26, 1, 1)
     Outgoing Current to Left     0.142468       +/- 4.01735E-05
     Incoming Current from Left   0.368541       +/- 5.79045E-05
     Incoming Current from Right  0.130586       +/- 4.46969E-05
     Outgoing Current to Right    0.356023       +/- 6.26959E-05
     Outgoing Current to Back     0.0            +/- 0.0
     Incoming Current from Back   0.0            +/- 0.0
     Incoming Current from Front  0.0            +/- 0.0
     Outgoing Current to Front    0.0            +/- 0.0
     Outgoing Current to Bottom   0.0            +/- 0.0
     Incoming Current from Bottom 0.0            +/- 0.0
     Incoming Current from Top    0.0            +/- 0.0
     Outgoing Current to Top      0.0            +/- 0.0
 Mesh Index (27, 1, 1)
     Outgoing Current to Left     0.130586       +/- 4.46969E-05
     Incoming Current from Left   0.356023       +/- 6.26959E-05
     Incoming Current from Right  0.110459       +/- 4.43486E-05
     Outgoing Current to Right    0.335013       +/- 6.42046E-05
     Outgoing Current to Back     0.0            +/- 0.0
     Incoming Current from Back   0.0            +/- 0.0
     Incoming Current from Front  0.0            +/- 0.0
     Outgoing Current to Front    0.0            +/- 0.0
     Outgoing Current to Bottom   0.0            +/- 0.0
     Incoming Current from Bottom 0.0            +/- 0.0
     Incoming Current from Top    0.0            +/- 0.0
     Outgoing Current to Top      0.0            +/- 0.0
 Mesh Index (28, 1, 1)
     Outgoing Current to Left     0.110459       +/- 4.43486E-05
     Incoming Current from Left   0.335013       +/- 6.42046E-05
     Incoming Current from Right  8.22369E-02    +/- 3.84634E-05
     Outgoing Current to Right    0.305837       +/- 6.11315E-05
     Outgoing Current to Back     0.0            +/- 0.0
     Incoming Current from Back   0.0            +/- 0.0
     Incoming Current from Front  0.0            +/- 0.0
     Outgoing Current to Front    0.0            +/- 0.0
     Outgoing Current to Bottom   0.0            +/- 0.0
     Incoming Current from Bottom 0.0            +/- 0.0
     Incoming Current from Top    0.0            +/- 0.0
     Outgoing Current to Top      0.0            +/- 0.0
 Mesh Index (29, 1, 1)
     Outgoing Current to Left     8.22369E-02    +/- 3.84634E-05
     Incoming Current from Left   0.305837       +/- 6.11315E-05
     Incoming Current from Right  4.59831E-02    +/- 2.70466E-05
     Outgoing Current to Right    0.268739       +/- 5.40602E-05
     Outgoing Current to Back     0.0            +/- 0.0
     Incoming Current from Back   0.0            +/- 0.0
     Incoming Current from Front  0.0            +/- 0.0
     Outgoing Current to Front    0.0            +/- 0.0
     Outgoing Current to Bottom   0.0            +/- 0.0
     Incoming Current from Bottom 0.0            +/- 0.0
     Incoming Current from Top    0.0            +/- 0.0
     Outgoing Current to Top      0.0            +/- 0.0
 Mesh Index (30, 1, 1)
     Outgoing Current to Left     4.59831E-02    +/- 2.70466E-05
     Incoming Current from Left   0.268739       +/- 5.40602E-05
     Incoming Current from Right  0.0            +/- 0.0
     Outgoing Current to Right    0.222198       +/- 4.28885E-05
     Outgoing Current to Back     0.0            +/- 0.0
     Incoming Current from Back   0.0            +/- 0.0
     Incoming Current from Front  0.0            +/- 0.0
     Outgoing Current to Front    0.0            +/- 0.0
     Outgoing Current to Bottom   0.0            +/- 0.0
     Incoming Current from Bottom 0.0            +/- 0.0
     Incoming Current from Top    0.0            +/- 0.0
     Outgoing Current to Top      0.0            +/- 0.0
