
 ===========================================================================
 ====================>     OPENMC MONTE CARLO CODE     <====================
 ===========================================================================

 Copyright:     2011 Massachusetts Institute of Technology
 Version:       0.3.3
 Date/Time:     12/15/2011 09:53:18
