
 ============================>     TALLY 1     <============================

 Mesh Index (1, 1, 1)
   Flux                        3.43084        +/- 1.56694E-03
   Total Reaction Rate         0.309967       +/- 1.43657E-04
   First Scattering Moment     9.40174E-02    +/- 7.13477E-05
 Mesh Index (2, 1, 1)
   Flux                        4.50506        +/- 1.81479E-03
   Total Reaction Rate         0.408870       +/- 1.68429E-04
   First Scattering Moment     0.122966       +/- 8.43325E-05
 Mesh Index (3, 1, 1)
   Flux                        4.84863        +/- 1.81560E-03
   Total Reaction Rate         0.440490       +/- 1.68144E-04
   First Scattering Moment     0.132145       +/- 8.57716E-05
 Mesh Index (4, 1, 1)
   Flux                        4.50091        +/- 1.79419E-03
   Total Reaction Rate         0.408467       +/- 1.65559E-04
   First Scattering Moment     0.122785       +/- 8.10955E-05
 Mesh Index (5, 1, 1)
   Flux                        3.43009        +/- 1.55208E-03
   Total Reaction Rate         0.309941       +/- 1.42467E-04
   First Scattering Moment     9.40834E-02    +/- 7.23788E-05

 ============================>     TALLY 2     <============================

 Mesh Index (1, 1, 1)
   Scattering Production Rate  0.248921       +/- 1.30119E-04
   Nu-Fission Rate             0.169945       +/- 7.79649E-05
 Mesh Index (2, 1, 1)
   Scattering Production Rate  0.328483       +/- 1.52722E-04
   Nu-Fission Rate             0.222814       +/- 8.99920E-05
 Mesh Index (3, 1, 1)
   Scattering Production Rate  0.353823       +/- 1.53636E-04
   Nu-Fission Rate             0.239744       +/- 9.02043E-05
 Mesh Index (4, 1, 1)
   Scattering Production Rate  0.328143       +/- 1.50389E-04
   Nu-Fission Rate             0.222626       +/- 8.91870E-05
 Mesh Index (5, 1, 1)
   Scattering Production Rate  0.248897       +/- 1.28209E-04
   Nu-Fission Rate             0.169926       +/- 7.69428E-05

 ============================>     TALLY 3     <============================

 Mesh Index (1, 1, 1)
   Outgoing Current to Left       0.316101       +/- 1.05406E-03
   Incoming Current from Left     0.0            +/- 0.0
   Incoming Current from Right    0.317558       +/- 9.55991E-04
   Outgoing Current to Right      0.112571       +/- 3.54595E-04
   Outgoing Current to Back       0.0            +/- 0.0
   Incoming Current from Back     0.0            +/- 0.0
   Incoming Current from Front    0.0            +/- 0.0
   Outgoing Current to Front      0.0            +/- 0.0
   Outgoing Current to Bottom     0.0            +/- 0.0
   Incoming Current from Bottom   0.0            +/- 0.0
   Incoming Current from Top      0.0            +/- 0.0
   Outgoing Current to Top        0.0            +/- 0.0
 Mesh Index (2, 1, 1)
   Outgoing Current to Left       0.317558       +/- 9.55991E-04
   Incoming Current from Left     0.112571       +/- 3.54595E-04
   Incoming Current from Right    0.282096       +/- 8.57603E-04
   Outgoing Current to Right      0.210470       +/- 6.41461E-04
   Outgoing Current to Back       0.0            +/- 0.0
   Incoming Current from Back     0.0            +/- 0.0
   Incoming Current from Front    0.0            +/- 0.0
   Outgoing Current to Front      0.0            +/- 0.0
   Outgoing Current to Bottom     0.0            +/- 0.0
   Incoming Current from Bottom   0.0            +/- 0.0
   Incoming Current from Top      0.0            +/- 0.0
   Outgoing Current to Top        0.0            +/- 0.0
 Mesh Index (3, 1, 1)
   Outgoing Current to Left       0.282096       +/- 8.57603E-04
   Incoming Current from Left     0.210470       +/- 6.41461E-04
   Incoming Current from Right    0.210378       +/- 6.48154E-04
   Outgoing Current to Right      0.282073       +/- 8.53733E-04
   Outgoing Current to Back       0.0            +/- 0.0
   Incoming Current from Back     0.0            +/- 0.0
   Incoming Current from Front    0.0            +/- 0.0
   Outgoing Current to Front      0.0            +/- 0.0
   Outgoing Current to Bottom     0.0            +/- 0.0
   Incoming Current from Bottom   0.0            +/- 0.0
   Incoming Current from Top      0.0            +/- 0.0
   Outgoing Current to Top        0.0            +/- 0.0
 Mesh Index (4, 1, 1)
   Outgoing Current to Left       0.210378       +/- 6.48154E-04
   Incoming Current from Left     0.282073       +/- 8.53733E-04
   Incoming Current from Right    0.112465       +/- 3.58268E-04
   Outgoing Current to Right      0.317470       +/- 9.54917E-04
   Outgoing Current to Back       0.0            +/- 0.0
   Incoming Current from Back     0.0            +/- 0.0
   Incoming Current from Front    0.0            +/- 0.0
   Outgoing Current to Front      0.0            +/- 0.0
   Outgoing Current to Bottom     0.0            +/- 0.0
   Incoming Current from Bottom   0.0            +/- 0.0
   Incoming Current from Top      0.0            +/- 0.0
   Outgoing Current to Top        0.0            +/- 0.0
 Mesh Index (5, 1, 1)
   Outgoing Current to Left       0.112465       +/- 3.58268E-04
   Incoming Current from Left     0.317470       +/- 9.54917E-04
   Incoming Current from Right    0.0            +/- 0.0
   Outgoing Current to Right      0.316144       +/- 1.07459E-03
   Outgoing Current to Back       0.0            +/- 0.0
   Incoming Current from Back     0.0            +/- 0.0
   Incoming Current from Front    0.0            +/- 0.0
   Outgoing Current to Front      0.0            +/- 0.0
   Outgoing Current to Bottom     0.0            +/- 0.0
   Incoming Current from Bottom   0.0            +/- 0.0
   Incoming Current from Top      0.0            +/- 0.0
   Outgoing Current to Top        0.0            +/- 0.0
