
 ============================>     TALLY 1     <============================

 Cell 1
   Total Reaction Rate         5.28686        +/- 2.49752E-03
   Scattering Rate             4.28322        +/- 2.07380E-03
   Scattering Production Rate  4.28686        +/- 2.49752E-03
   Absorption Rate             1.00364        +/- 4.30837E-04
   Fission Rate                0.928097       +/- 3.81130E-04
   Nu-Fission Rate             2.66739        +/- 1.06396E-03
