
 ============================>     TALLY 1     <============================

 Mesh Index (1, 1, 1)
   Flux                        0.477412       +/- 5.77038E-04
   Total Reaction Rate         0.336134       +/- 4.53695E-04
   First Scattering Moment     1.27621E-03    +/- 1.06003E-04
 Mesh Index (2, 1, 1)
   Flux                        0.654223       +/- 7.21262E-04
   Total Reaction Rate         0.483701       +/- 6.39255E-04
   First Scattering Moment     1.39073E-03    +/- 1.24583E-04
 Mesh Index (3, 1, 1)
   Flux                        0.792552       +/- 8.18289E-04
   Total Reaction Rate         0.572932       +/- 7.22025E-04
   First Scattering Moment     2.01783E-03    +/- 1.40698E-04
 Mesh Index (4, 1, 1)
   Flux                        0.906709       +/- 8.70920E-04
   Total Reaction Rate         0.606492       +/- 7.07920E-04
   First Scattering Moment     2.72194E-03    +/- 1.42376E-04
 Mesh Index (5, 1, 1)
   Flux                        1.01462        +/- 8.91311E-04
   Total Reaction Rate         0.578162       +/- 6.01750E-04
   First Scattering Moment     4.15608E-03    +/- 1.44013E-04
 Mesh Index (6, 1, 1)
   Flux                        1.08324        +/- 1.19722E-03
   Total Reaction Rate         0.194752       +/- 1.94950E-04
   First Scattering Moment     2.35482E-02    +/- 7.59036E-05
 Mesh Index (7, 1, 1)
   Flux                        1.07968        +/- 1.13816E-03
   Total Reaction Rate         0.157416       +/- 1.61834E-04
   First Scattering Moment     2.41400E-02    +/- 7.51189E-05
 Mesh Index (8, 1, 1)
   Flux                        1.10723        +/- 1.10548E-03
   Total Reaction Rate         0.155408       +/- 1.54160E-04
   First Scattering Moment     2.51770E-02    +/- 7.66985E-05
 Mesh Index (9, 1, 1)
   Flux                        1.13481        +/- 1.20371E-03
   Total Reaction Rate         0.156537       +/- 1.66232E-04
   First Scattering Moment     2.60228E-02    +/- 7.63335E-05
 Mesh Index (10, 1, 1)
   Flux                        1.16224        +/- 1.21098E-03
   Total Reaction Rate         0.158639       +/- 1.64024E-04
   First Scattering Moment     2.67984E-02    +/- 7.93786E-05
 Mesh Index (11, 1, 1)
   Flux                        1.18229        +/- 1.22105E-03
   Total Reaction Rate         0.160383       +/- 1.69518E-04
   First Scattering Moment     2.72810E-02    +/- 7.62467E-05
 Mesh Index (12, 1, 1)
   Flux                        1.19912        +/- 1.20549E-03
   Total Reaction Rate         0.162136       +/- 1.64314E-04
   First Scattering Moment     2.78299E-02    +/- 7.66612E-05
 Mesh Index (13, 1, 1)
   Flux                        1.21260        +/- 1.21992E-03
   Total Reaction Rate         0.163463       +/- 1.66724E-04
   First Scattering Moment     2.82506E-02    +/- 7.89338E-05
 Mesh Index (14, 1, 1)
   Flux                        1.22200        +/- 1.22564E-03
   Total Reaction Rate         0.164558       +/- 1.66601E-04
   First Scattering Moment     2.84909E-02    +/- 7.97593E-05
 Mesh Index (15, 1, 1)
   Flux                        1.22750        +/- 1.23510E-03
   Total Reaction Rate         0.165126       +/- 1.67176E-04
   First Scattering Moment     2.85584E-02    +/- 7.61898E-05
 Mesh Index (16, 1, 1)
   Flux                        1.22655        +/- 1.24415E-03
   Total Reaction Rate         0.165131       +/- 1.71599E-04
   First Scattering Moment     2.85603E-02    +/- 7.90132E-05
 Mesh Index (17, 1, 1)
   Flux                        1.22308        +/- 1.20562E-03
   Total Reaction Rate         0.164664       +/- 1.67011E-04
   First Scattering Moment     2.82985E-02    +/- 7.56002E-05
 Mesh Index (18, 1, 1)
   Flux                        1.21348        +/- 1.25166E-03
   Total Reaction Rate         0.163666       +/- 1.67556E-04
   First Scattering Moment     2.80492E-02    +/- 7.78256E-05
 Mesh Index (19, 1, 1)
   Flux                        1.19908        +/- 1.20590E-03
   Total Reaction Rate         0.162076       +/- 1.65372E-04
   First Scattering Moment     2.78044E-02    +/- 8.08267E-05
 Mesh Index (20, 1, 1)
   Flux                        1.18284        +/- 1.16876E-03
   Total Reaction Rate         0.160497       +/- 1.59096E-04
   First Scattering Moment     2.74611E-02    +/- 7.70737E-05
 Mesh Index (21, 1, 1)
   Flux                        1.16095        +/- 1.20739E-03
   Total Reaction Rate         0.158487       +/- 1.66244E-04
   First Scattering Moment     2.68090E-02    +/- 7.85454E-05
 Mesh Index (22, 1, 1)
   Flux                        1.13361        +/- 1.18871E-03
   Total Reaction Rate         0.156386       +/- 1.61034E-04
   First Scattering Moment     2.59400E-02    +/- 7.57285E-05
 Mesh Index (23, 1, 1)
   Flux                        1.10529        +/- 1.21887E-03
   Total Reaction Rate         0.155235       +/- 1.68153E-04
   First Scattering Moment     2.52345E-02    +/- 7.62949E-05
 Mesh Index (24, 1, 1)
   Flux                        1.08040        +/- 1.19071E-03
   Total Reaction Rate         0.157533       +/- 1.72228E-04
   First Scattering Moment     2.42873E-02    +/- 7.53495E-05
 Mesh Index (25, 1, 1)
   Flux                        1.07721        +/- 1.14862E-03
   Total Reaction Rate         0.193858       +/- 1.92612E-04
   First Scattering Moment     2.32816E-02    +/- 7.43407E-05
 Mesh Index (26, 1, 1)
   Flux                        1.01321        +/- 8.86800E-04
   Total Reaction Rate         0.577437       +/- 6.00687E-04
   First Scattering Moment     3.83664E-03    +/- 1.40624E-04
 Mesh Index (27, 1, 1)
   Flux                        0.906687       +/- 8.84657E-04
   Total Reaction Rate         0.607366       +/- 7.38337E-04
   First Scattering Moment     2.48593E-03    +/- 1.42256E-04
 Mesh Index (28, 1, 1)
   Flux                        0.792011       +/- 8.28029E-04
   Total Reaction Rate         0.572872       +/- 7.27568E-04
   First Scattering Moment     2.00766E-03    +/- 1.38305E-04
 Mesh Index (29, 1, 1)
   Flux                        0.654653       +/- 7.40410E-04
   Total Reaction Rate         0.484049       +/- 6.43202E-04
   First Scattering Moment     1.71520E-03    +/- 1.27291E-04
 Mesh Index (30, 1, 1)
   Flux                        0.477949       +/- 5.63661E-04
   Total Reaction Rate         0.336613       +/- 4.53635E-04
   First Scattering Moment     1.31363E-03    +/- 1.07934E-04

 ============================>     TALLY 2     <============================

 Mesh Index (1, 1, 1)
   Scattering Production Rate  0.335534       +/- 4.53175E-04
   Nu-Fission Rate             0.0            +/- 0.0
 Mesh Index (2, 1, 1)
   Scattering Production Rate  0.482777       +/- 6.37899E-04
   Nu-Fission Rate             0.0            +/- 0.0
 Mesh Index (3, 1, 1)
   Scattering Production Rate  0.571888       +/- 7.20797E-04
   Nu-Fission Rate             0.0            +/- 0.0
 Mesh Index (4, 1, 1)
   Scattering Production Rate  0.605529       +/- 7.06894E-04
   Nu-Fission Rate             0.0            +/- 0.0
 Mesh Index (5, 1, 1)
   Scattering Production Rate  0.577464       +/- 6.01197E-04
   Nu-Fission Rate             0.0            +/- 0.0
 Mesh Index (6, 1, 1)
   Scattering Production Rate  0.133995       +/- 1.58060E-04
   Nu-Fission Rate             0.119968       +/- 1.42843E-04
 Mesh Index (7, 1, 1)
   Scattering Production Rate  0.128367       +/- 1.44783E-04
   Nu-Fission Rate             5.94778E-02    +/- 7.20745E-05
 Mesh Index (8, 1, 1)
   Scattering Production Rate  0.129757       +/- 1.43072E-04
   Nu-Fission Rate             5.38108E-02    +/- 6.01083E-05
 Mesh Index (9, 1, 1)
   Scattering Production Rate  0.131912       +/- 1.51145E-04
   Nu-Fission Rate             5.23485E-02    +/- 6.13311E-05
 Mesh Index (10, 1, 1)
   Scattering Production Rate  0.134465       +/- 1.49723E-04
   Nu-Fission Rate             5.21001E-02    +/- 5.71536E-05
 Mesh Index (11, 1, 1)
   Scattering Production Rate  0.136210       +/- 1.55746E-04
   Nu-Fission Rate             5.20928E-02    +/- 5.80474E-05
 Mesh Index (12, 1, 1)
   Scattering Production Rate  0.138051       +/- 1.51782E-04
   Nu-Fission Rate             5.22888E-02    +/- 5.59088E-05
 Mesh Index (13, 1, 1)
   Scattering Production Rate  0.139321       +/- 1.53857E-04
   Nu-Fission Rate             5.24769E-02    +/- 5.66750E-05
 Mesh Index (14, 1, 1)
   Scattering Production Rate  0.140345       +/- 1.54760E-04
   Nu-Fission Rate             5.27090E-02    +/- 5.55992E-05
 Mesh Index (15, 1, 1)
   Scattering Production Rate  0.140859       +/- 1.55585E-04
   Nu-Fission Rate             5.27955E-02    +/- 5.59015E-05
 Mesh Index (16, 1, 1)
   Scattering Production Rate  0.140894       +/- 1.56567E-04
   Nu-Fission Rate             5.28360E-02    +/- 5.77489E-05
 Mesh Index (17, 1, 1)
   Scattering Production Rate  0.140424       +/- 1.52859E-04
   Nu-Fission Rate             5.27409E-02    +/- 5.61276E-05
 Mesh Index (18, 1, 1)
   Scattering Production Rate  0.139471       +/- 1.57779E-04
   Nu-Fission Rate             5.25274E-02    +/- 5.55379E-05
 Mesh Index (19, 1, 1)
   Scattering Production Rate  0.137968       +/- 1.53044E-04
   Nu-Fission Rate             5.22684E-02    +/- 5.68156E-05
 Mesh Index (20, 1, 1)
   Scattering Production Rate  0.136348       +/- 1.47494E-04
   Nu-Fission Rate             5.20926E-02    +/- 5.64346E-05
 Mesh Index (21, 1, 1)
   Scattering Production Rate  0.134267       +/- 1.54145E-04
   Nu-Fission Rate             5.20331E-02    +/- 5.79647E-05
 Mesh Index (22, 1, 1)
   Scattering Production Rate  0.131868       +/- 1.47330E-04
   Nu-Fission Rate             5.23081E-02    +/- 5.81994E-05
 Mesh Index (23, 1, 1)
   Scattering Production Rate  0.129637       +/- 1.52113E-04
   Nu-Fission Rate             5.37957E-02    +/- 6.52060E-05
 Mesh Index (24, 1, 1)
   Scattering Production Rate  0.128437       +/- 1.54663E-04
   Nu-Fission Rate             5.94641E-02    +/- 7.33536E-05
 Mesh Index (25, 1, 1)
   Scattering Production Rate  0.133124       +/- 1.55405E-04
   Nu-Fission Rate             0.119611       +/- 1.44542E-04
 Mesh Index (26, 1, 1)
   Scattering Production Rate  0.576761       +/- 5.99814E-04
   Nu-Fission Rate             0.0            +/- 0.0
 Mesh Index (27, 1, 1)
   Scattering Production Rate  0.606409       +/- 7.37584E-04
   Nu-Fission Rate             0.0            +/- 0.0
 Mesh Index (28, 1, 1)
   Scattering Production Rate  0.571816       +/- 7.26432E-04
   Nu-Fission Rate             0.0            +/- 0.0
 Mesh Index (29, 1, 1)
   Scattering Production Rate  0.483124       +/- 6.41872E-04
   Nu-Fission Rate             0.0            +/- 0.0
 Mesh Index (30, 1, 1)
   Scattering Production Rate  0.336017       +/- 4.52690E-04
   Nu-Fission Rate             0.0            +/- 0.0

 ============================>     TALLY 3     <============================

 Mesh Index (1, 1, 1)
     Outgoing Current to Left     0.210698       +/- 1.36613E-04
     Incoming Current from Left   0.0            +/- 0.0
     Incoming Current from Right  0.257572       +/- 1.72812E-04
     Outgoing Current to Right    4.62740E-02    +/- 8.66739E-05
     Outgoing Current to Back     0.0            +/- 0.0
     Incoming Current from Back   0.0            +/- 0.0
     Incoming Current from Front  0.0            +/- 0.0
     Outgoing Current to Front    0.0            +/- 0.0
     Outgoing Current to Bottom   0.0            +/- 0.0
     Incoming Current from Bottom 0.0            +/- 0.0
     Incoming Current from Top    0.0            +/- 0.0
     Outgoing Current to Top      0.0            +/- 0.0
 Mesh Index (2, 1, 1)
     Outgoing Current to Left     0.257572       +/- 1.72812E-04
     Incoming Current from Left   4.62740E-02    +/- 8.66739E-05
     Incoming Current from Right  0.295289       +/- 1.97050E-04
     Outgoing Current to Right    8.30670E-02    +/- 1.22146E-04
     Outgoing Current to Back     0.0            +/- 0.0
     Incoming Current from Back   0.0            +/- 0.0
     Incoming Current from Front  0.0            +/- 0.0
     Outgoing Current to Front    0.0            +/- 0.0
     Outgoing Current to Bottom   0.0            +/- 0.0
     Incoming Current from Bottom 0.0            +/- 0.0
     Incoming Current from Top    0.0            +/- 0.0
     Outgoing Current to Top      0.0            +/- 0.0
 Mesh Index (3, 1, 1)
     Outgoing Current to Left     0.295289       +/- 1.97050E-04
     Incoming Current from Left   8.30670E-02    +/- 1.22146E-04
     Incoming Current from Right  0.324981       +/- 2.03538E-04
     Outgoing Current to Right    0.111714       +/- 1.39537E-04
     Outgoing Current to Back     0.0            +/- 0.0
     Incoming Current from Back   0.0            +/- 0.0
     Incoming Current from Front  0.0            +/- 0.0
     Outgoing Current to Front    0.0            +/- 0.0
     Outgoing Current to Bottom   0.0            +/- 0.0
     Incoming Current from Bottom 0.0            +/- 0.0
     Incoming Current from Top    0.0            +/- 0.0
     Outgoing Current to Top      0.0            +/- 0.0
 Mesh Index (4, 1, 1)
     Outgoing Current to Left     0.324981       +/- 2.03538E-04
     Incoming Current from Left   0.111714       +/- 1.39537E-04
     Incoming Current from Right  0.346599       +/- 2.02196E-04
     Outgoing Current to Right    0.132369       +/- 1.42060E-04
     Outgoing Current to Back     0.0            +/- 0.0
     Incoming Current from Back   0.0            +/- 0.0
     Incoming Current from Front  0.0            +/- 0.0
     Outgoing Current to Front    0.0            +/- 0.0
     Outgoing Current to Bottom   0.0            +/- 0.0
     Incoming Current from Bottom 0.0            +/- 0.0
     Incoming Current from Top    0.0            +/- 0.0
     Outgoing Current to Top      0.0            +/- 0.0
 Mesh Index (5, 1, 1)
     Outgoing Current to Left     0.346599       +/- 2.02196E-04
     Incoming Current from Left   0.132369       +/- 1.42060E-04
     Incoming Current from Right  0.359536       +/- 1.83274E-04
     Outgoing Current to Right    0.144609       +/- 1.27805E-04
     Outgoing Current to Back     0.0            +/- 0.0
     Incoming Current from Back   0.0            +/- 0.0
     Incoming Current from Front  0.0            +/- 0.0
     Outgoing Current to Front    0.0            +/- 0.0
     Outgoing Current to Bottom   0.0            +/- 0.0
     Incoming Current from Bottom 0.0            +/- 0.0
     Incoming Current from Top    0.0            +/- 0.0
     Outgoing Current to Top      0.0            +/- 0.0
 Mesh Index (6, 1, 1)
     Outgoing Current to Left     0.359536       +/- 1.83274E-04
     Incoming Current from Left   0.144609       +/- 1.27805E-04
     Incoming Current from Right  0.331740       +/- 1.71180E-04
     Outgoing Current to Right    0.155990       +/- 1.42856E-04
     Outgoing Current to Back     0.0            +/- 0.0
     Incoming Current from Back   0.0            +/- 0.0
     Incoming Current from Front  0.0            +/- 0.0
     Outgoing Current to Front    0.0            +/- 0.0
     Outgoing Current to Bottom   0.0            +/- 0.0
     Incoming Current from Bottom 0.0            +/- 0.0
     Incoming Current from Top    0.0            +/- 0.0
     Outgoing Current to Top      0.0            +/- 0.0
 Mesh Index (7, 1, 1)
     Outgoing Current to Left     0.331740       +/- 1.71180E-04
     Incoming Current from Left   0.155990       +/- 1.42856E-04
     Incoming Current from Right  0.327101       +/- 1.74304E-04
     Outgoing Current to Right    0.171895       +/- 1.51474E-04
     Outgoing Current to Back     0.0            +/- 0.0
     Incoming Current from Back   0.0            +/- 0.0
     Incoming Current from Front  0.0            +/- 0.0
     Outgoing Current to Front    0.0            +/- 0.0
     Outgoing Current to Bottom   0.0            +/- 0.0
     Incoming Current from Bottom 0.0            +/- 0.0
     Incoming Current from Top    0.0            +/- 0.0
     Outgoing Current to Top      0.0            +/- 0.0
 Mesh Index (8, 1, 1)
     Outgoing Current to Left     0.327101       +/- 1.74304E-04
     Incoming Current from Left   0.171895       +/- 1.51474E-04
     Incoming Current from Right  0.324121       +/- 1.74612E-04
     Outgoing Current to Right    0.188109       +/- 1.56199E-04
     Outgoing Current to Back     0.0            +/- 0.0
     Incoming Current from Back   0.0            +/- 0.0
     Incoming Current from Front  0.0            +/- 0.0
     Outgoing Current to Front    0.0            +/- 0.0
     Outgoing Current to Bottom   0.0            +/- 0.0
     Incoming Current from Bottom 0.0            +/- 0.0
     Incoming Current from Top    0.0            +/- 0.0
     Outgoing Current to Top      0.0            +/- 0.0
 Mesh Index (9, 1, 1)
     Outgoing Current to Left     0.324121       +/- 1.74612E-04
     Incoming Current from Left   0.188109       +/- 1.56199E-04
     Incoming Current from Right  0.321060       +/- 1.74821E-04
     Outgoing Current to Right    0.204132       +/- 1.60163E-04
     Outgoing Current to Back     0.0            +/- 0.0
     Incoming Current from Back   0.0            +/- 0.0
     Incoming Current from Front  0.0            +/- 0.0
     Outgoing Current to Front    0.0            +/- 0.0
     Outgoing Current to Bottom   0.0            +/- 0.0
     Incoming Current from Bottom 0.0            +/- 0.0
     Incoming Current from Top    0.0            +/- 0.0
     Outgoing Current to Top      0.0            +/- 0.0
 Mesh Index (10, 1, 1)
     Outgoing Current to Left     0.321060       +/- 1.74821E-04
     Incoming Current from Left   0.204132       +/- 1.60163E-04
     Incoming Current from Right  0.317190       +/- 1.74256E-04
     Outgoing Current to Right    0.219376       +/- 1.62392E-04
     Outgoing Current to Back     0.0            +/- 0.0
     Incoming Current from Back   0.0            +/- 0.0
     Incoming Current from Front  0.0            +/- 0.0
     Outgoing Current to Front    0.0            +/- 0.0
     Outgoing Current to Bottom   0.0            +/- 0.0
     Incoming Current from Bottom 0.0            +/- 0.0
     Incoming Current from Top    0.0            +/- 0.0
     Outgoing Current to Top      0.0            +/- 0.0
 Mesh Index (11, 1, 1)
     Outgoing Current to Left     0.317190       +/- 1.74256E-04
     Incoming Current from Left   0.219376       +/- 1.62392E-04
     Incoming Current from Right  0.312392       +/- 1.73843E-04
     Outgoing Current to Right    0.233921       +/- 1.68985E-04
     Outgoing Current to Back     0.0            +/- 0.0
     Incoming Current from Back   0.0            +/- 0.0
     Incoming Current from Front  0.0            +/- 0.0
     Outgoing Current to Front    0.0            +/- 0.0
     Outgoing Current to Bottom   0.0            +/- 0.0
     Incoming Current from Bottom 0.0            +/- 0.0
     Incoming Current from Top    0.0            +/- 0.0
     Outgoing Current to Top      0.0            +/- 0.0
 Mesh Index (12, 1, 1)
     Outgoing Current to Left     0.312392       +/- 1.73843E-04
     Incoming Current from Left   0.233921       +/- 1.68985E-04
     Incoming Current from Right  0.306427       +/- 1.74928E-04
     Outgoing Current to Right    0.247425       +/- 1.70038E-04
     Outgoing Current to Back     0.0            +/- 0.0
     Incoming Current from Back   0.0            +/- 0.0
     Incoming Current from Front  0.0            +/- 0.0
     Outgoing Current to Front    0.0            +/- 0.0
     Outgoing Current to Bottom   0.0            +/- 0.0
     Incoming Current from Bottom 0.0            +/- 0.0
     Incoming Current from Top    0.0            +/- 0.0
     Outgoing Current to Top      0.0            +/- 0.0
 Mesh Index (13, 1, 1)
     Outgoing Current to Left     0.306427       +/- 1.74928E-04
     Incoming Current from Left   0.247425       +/- 1.70038E-04
     Incoming Current from Right  0.299449       +/- 1.70797E-04
     Outgoing Current to Right    0.260029       +/- 1.68266E-04
     Outgoing Current to Back     0.0            +/- 0.0
     Incoming Current from Back   0.0            +/- 0.0
     Incoming Current from Front  0.0            +/- 0.0
     Outgoing Current to Front    0.0            +/- 0.0
     Outgoing Current to Bottom   0.0            +/- 0.0
     Incoming Current from Bottom 0.0            +/- 0.0
     Incoming Current from Top    0.0            +/- 0.0
     Outgoing Current to Top      0.0            +/- 0.0
 Mesh Index (14, 1, 1)
     Outgoing Current to Left     0.299449       +/- 1.70797E-04
     Incoming Current from Left   0.260029       +/- 1.68266E-04
     Incoming Current from Right  0.291252       +/- 1.72274E-04
     Outgoing Current to Right    0.271554       +/- 1.71849E-04
     Outgoing Current to Back     0.0            +/- 0.0
     Incoming Current from Back   0.0            +/- 0.0
     Incoming Current from Front  0.0            +/- 0.0
     Outgoing Current to Front    0.0            +/- 0.0
     Outgoing Current to Bottom   0.0            +/- 0.0
     Incoming Current from Bottom 0.0            +/- 0.0
     Incoming Current from Top    0.0            +/- 0.0
     Outgoing Current to Top      0.0            +/- 0.0
 Mesh Index (15, 1, 1)
     Outgoing Current to Left     0.291252       +/- 1.72274E-04
     Incoming Current from Left   0.271554       +/- 1.71849E-04
     Incoming Current from Right  0.281849       +/- 1.71556E-04
     Outgoing Current to Right    0.281953       +/- 1.73972E-04
     Outgoing Current to Back     0.0            +/- 0.0
     Incoming Current from Back   0.0            +/- 0.0
     Incoming Current from Front  0.0            +/- 0.0
     Outgoing Current to Front    0.0            +/- 0.0
     Outgoing Current to Bottom   0.0            +/- 0.0
     Incoming Current from Bottom 0.0            +/- 0.0
     Incoming Current from Top    0.0            +/- 0.0
     Outgoing Current to Top      0.0            +/- 0.0
 Mesh Index (16, 1, 1)
     Outgoing Current to Left     0.281849       +/- 1.71556E-04
     Incoming Current from Left   0.281953       +/- 1.73972E-04
     Incoming Current from Right  0.271375       +/- 1.68161E-04
     Outgoing Current to Right    0.291219       +/- 1.78667E-04
     Outgoing Current to Back     0.0            +/- 0.0
     Incoming Current from Back   0.0            +/- 0.0
     Incoming Current from Front  0.0            +/- 0.0
     Outgoing Current to Front    0.0            +/- 0.0
     Outgoing Current to Bottom   0.0            +/- 0.0
     Incoming Current from Bottom 0.0            +/- 0.0
     Incoming Current from Top    0.0            +/- 0.0
     Outgoing Current to Top      0.0            +/- 0.0
 Mesh Index (17, 1, 1)
     Outgoing Current to Left     0.271375       +/- 1.68161E-04
     Incoming Current from Left   0.291219       +/- 1.78667E-04
     Incoming Current from Right  0.259838       +/- 1.67997E-04
     Outgoing Current to Right    0.299373       +/- 1.77539E-04
     Outgoing Current to Back     0.0            +/- 0.0
     Incoming Current from Back   0.0            +/- 0.0
     Incoming Current from Front  0.0            +/- 0.0
     Outgoing Current to Front    0.0            +/- 0.0
     Outgoing Current to Bottom   0.0            +/- 0.0
     Incoming Current from Bottom 0.0            +/- 0.0
     Incoming Current from Top    0.0            +/- 0.0
     Outgoing Current to Top      0.0            +/- 0.0
 Mesh Index (18, 1, 1)
     Outgoing Current to Left     0.259838       +/- 1.67997E-04
     Incoming Current from Left   0.299373       +/- 1.77539E-04
     Incoming Current from Right  0.247323       +/- 1.62189E-04
     Outgoing Current to Right    0.306432       +/- 1.72924E-04
     Outgoing Current to Back     0.0            +/- 0.0
     Incoming Current from Back   0.0            +/- 0.0
     Incoming Current from Front  0.0            +/- 0.0
     Outgoing Current to Front    0.0            +/- 0.0
     Outgoing Current to Bottom   0.0            +/- 0.0
     Incoming Current from Bottom 0.0            +/- 0.0
     Incoming Current from Top    0.0            +/- 0.0
     Outgoing Current to Top      0.0            +/- 0.0
 Mesh Index (19, 1, 1)
     Outgoing Current to Left     0.247323       +/- 1.62189E-04
     Incoming Current from Left   0.306432       +/- 1.72924E-04
     Incoming Current from Right  0.233738       +/- 1.60429E-04
     Outgoing Current to Right    0.312350       +/- 1.76240E-04
     Outgoing Current to Back     0.0            +/- 0.0
     Incoming Current from Back   0.0            +/- 0.0
     Incoming Current from Front  0.0            +/- 0.0
     Outgoing Current to Front    0.0            +/- 0.0
     Outgoing Current to Bottom   0.0            +/- 0.0
     Incoming Current from Bottom 0.0            +/- 0.0
     Incoming Current from Top    0.0            +/- 0.0
     Outgoing Current to Top      0.0            +/- 0.0
 Mesh Index (20, 1, 1)
     Outgoing Current to Left     0.233738       +/- 1.60429E-04
     Incoming Current from Left   0.312350       +/- 1.76240E-04
     Incoming Current from Right  0.219187       +/- 1.59588E-04
     Outgoing Current to Right    0.317200       +/- 1.70647E-04
     Outgoing Current to Back     0.0            +/- 0.0
     Incoming Current from Back   0.0            +/- 0.0
     Incoming Current from Front  0.0            +/- 0.0
     Outgoing Current to Front    0.0            +/- 0.0
     Outgoing Current to Bottom   0.0            +/- 0.0
     Incoming Current from Bottom 0.0            +/- 0.0
     Incoming Current from Top    0.0            +/- 0.0
     Outgoing Current to Top      0.0            +/- 0.0
 Mesh Index (21, 1, 1)
     Outgoing Current to Left     0.219187       +/- 1.59588E-04
     Incoming Current from Left   0.317200       +/- 1.70647E-04
     Incoming Current from Right  0.203932       +/- 1.53950E-04
     Outgoing Current to Right    0.321096       +/- 1.69548E-04
     Outgoing Current to Back     0.0            +/- 0.0
     Incoming Current from Back   0.0            +/- 0.0
     Incoming Current from Front  0.0            +/- 0.0
     Outgoing Current to Front    0.0            +/- 0.0
     Outgoing Current to Bottom   0.0            +/- 0.0
     Incoming Current from Bottom 0.0            +/- 0.0
     Incoming Current from Top    0.0            +/- 0.0
     Outgoing Current to Top      0.0            +/- 0.0
 Mesh Index (22, 1, 1)
     Outgoing Current to Left     0.203932       +/- 1.53950E-04
     Incoming Current from Left   0.321096       +/- 1.69548E-04
     Incoming Current from Right  0.188065       +/- 1.51847E-04
     Outgoing Current to Right    0.324236       +/- 1.70940E-04
     Outgoing Current to Back     0.0            +/- 0.0
     Incoming Current from Back   0.0            +/- 0.0
     Incoming Current from Front  0.0            +/- 0.0
     Outgoing Current to Front    0.0            +/- 0.0
     Outgoing Current to Bottom   0.0            +/- 0.0
     Incoming Current from Bottom 0.0            +/- 0.0
     Incoming Current from Top    0.0            +/- 0.0
     Outgoing Current to Top      0.0            +/- 0.0
 Mesh Index (23, 1, 1)
     Outgoing Current to Left     0.188065       +/- 1.51847E-04
     Incoming Current from Left   0.324236       +/- 1.70940E-04
     Incoming Current from Right  0.171856       +/- 1.48685E-04
     Outgoing Current to Right    0.327124       +/- 1.69897E-04
     Outgoing Current to Back     0.0            +/- 0.0
     Incoming Current from Back   0.0            +/- 0.0
     Incoming Current from Front  0.0            +/- 0.0
     Outgoing Current to Front    0.0            +/- 0.0
     Outgoing Current to Bottom   0.0            +/- 0.0
     Incoming Current from Bottom 0.0            +/- 0.0
     Incoming Current from Top    0.0            +/- 0.0
     Outgoing Current to Top      0.0            +/- 0.0
 Mesh Index (24, 1, 1)
     Outgoing Current to Left     0.171856       +/- 1.48685E-04
     Incoming Current from Left   0.327124       +/- 1.69897E-04
     Incoming Current from Right  0.155757       +/- 1.48861E-04
     Outgoing Current to Right    0.331497       +/- 1.72763E-04
     Outgoing Current to Back     0.0            +/- 0.0
     Incoming Current from Back   0.0            +/- 0.0
     Incoming Current from Front  0.0            +/- 0.0
     Outgoing Current to Front    0.0            +/- 0.0
     Outgoing Current to Bottom   0.0            +/- 0.0
     Incoming Current from Bottom 0.0            +/- 0.0
     Incoming Current from Top    0.0            +/- 0.0
     Outgoing Current to Top      0.0            +/- 0.0
 Mesh Index (25, 1, 1)
     Outgoing Current to Left     0.155757       +/- 1.48861E-04
     Incoming Current from Left   0.331497       +/- 1.72763E-04
     Incoming Current from Right  0.144318       +/- 1.32600E-04
     Outgoing Current to Right    0.359162       +/- 1.79626E-04
     Outgoing Current to Back     0.0            +/- 0.0
     Incoming Current from Back   0.0            +/- 0.0
     Incoming Current from Front  0.0            +/- 0.0
     Outgoing Current to Front    0.0            +/- 0.0
     Outgoing Current to Bottom   0.0            +/- 0.0
     Incoming Current from Bottom 0.0            +/- 0.0
     Incoming Current from Top    0.0            +/- 0.0
     Outgoing Current to Top      0.0            +/- 0.0
 Mesh Index (26, 1, 1)
     Outgoing Current to Left     0.144318       +/- 1.32600E-04
     Incoming Current from Left   0.359162       +/- 1.79626E-04
     Incoming Current from Right  0.132271       +/- 1.47955E-04
     Outgoing Current to Right    0.346438       +/- 1.95965E-04
     Outgoing Current to Back     0.0            +/- 0.0
     Incoming Current from Back   0.0            +/- 0.0
     Incoming Current from Front  0.0            +/- 0.0
     Outgoing Current to Front    0.0            +/- 0.0
     Outgoing Current to Bottom   0.0            +/- 0.0
     Incoming Current from Bottom 0.0            +/- 0.0
     Incoming Current from Top    0.0            +/- 0.0
     Outgoing Current to Top      0.0            +/- 0.0
 Mesh Index (27, 1, 1)
     Outgoing Current to Left     0.132271       +/- 1.47955E-04
     Incoming Current from Left   0.346438       +/- 1.95965E-04
     Incoming Current from Right  0.111782       +/- 1.42931E-04
     Outgoing Current to Right    0.324993       +/- 1.97826E-04
     Outgoing Current to Back     0.0            +/- 0.0
     Incoming Current from Back   0.0            +/- 0.0
     Incoming Current from Front  0.0            +/- 0.0
     Outgoing Current to Front    0.0            +/- 0.0
     Outgoing Current to Bottom   0.0            +/- 0.0
     Incoming Current from Bottom 0.0            +/- 0.0
     Incoming Current from Top    0.0            +/- 0.0
     Outgoing Current to Top      0.0            +/- 0.0
 Mesh Index (28, 1, 1)
     Outgoing Current to Left     0.111782       +/- 1.42931E-04
     Incoming Current from Left   0.324993       +/- 1.97826E-04
     Incoming Current from Right  8.30502E-02    +/- 1.21941E-04
     Outgoing Current to Right    0.295206       +/- 1.86562E-04
     Outgoing Current to Back     0.0            +/- 0.0
     Incoming Current from Back   0.0            +/- 0.0
     Incoming Current from Front  0.0            +/- 0.0
     Outgoing Current to Front    0.0            +/- 0.0
     Outgoing Current to Bottom   0.0            +/- 0.0
     Incoming Current from Bottom 0.0            +/- 0.0
     Incoming Current from Top    0.0            +/- 0.0
     Outgoing Current to Top      0.0            +/- 0.0
 Mesh Index (29, 1, 1)
     Outgoing Current to Left     8.30502E-02    +/- 1.21941E-04
     Incoming Current from Left   0.295206       +/- 1.86562E-04
     Incoming Current from Right  4.63076E-02    +/- 8.67815E-05
     Outgoing Current to Right    0.257539       +/- 1.68560E-04
     Outgoing Current to Back     0.0            +/- 0.0
     Incoming Current from Back   0.0            +/- 0.0
     Incoming Current from Front  0.0            +/- 0.0
     Outgoing Current to Front    0.0            +/- 0.0
     Outgoing Current to Bottom   0.0            +/- 0.0
     Incoming Current from Bottom 0.0            +/- 0.0
     Incoming Current from Top    0.0            +/- 0.0
     Outgoing Current to Top      0.0            +/- 0.0
 Mesh Index (30, 1, 1)
     Outgoing Current to Left     4.63076E-02    +/- 8.67815E-05
     Incoming Current from Left   0.257539       +/- 1.68560E-04
     Incoming Current from Right  0.0            +/- 0.0
     Outgoing Current to Right    0.210636       +/- 1.30735E-04
     Outgoing Current to Back     0.0            +/- 0.0
     Incoming Current from Back   0.0            +/- 0.0
     Incoming Current from Front  0.0            +/- 0.0
     Outgoing Current to Front    0.0            +/- 0.0
     Outgoing Current to Bottom   0.0            +/- 0.0
     Incoming Current from Bottom 0.0            +/- 0.0
     Incoming Current from Top    0.0            +/- 0.0
     Outgoing Current to Top      0.0            +/- 0.0
