
 ===========================================================================
 ====================>     OPENMC MONTE CARLO CODE     <====================
 ===========================================================================

 Copyright:     2011 Massachusetts Institute of Technology
 Version:       0.4.0
 Date/Time:     1/14/2012 17:11:27

 =====================>     CROSS SECTION TABLES     <======================

 Nuclide  92235.12c
   zaid = 92235
   awr = 233.025
   kT = 1.03410E-07
   # of grid points = 24622
   Fissionable =  T
   # of fission reactions = 1
   # of reactions = 48
   Size of cross sections = 10439728 bytes
   Reaction    Q-value   Mult    IE    size(angle) size(energy)
   (elastic)      0.000     1       1       69752           0
   (n,2n)        -5.298    -2   24564           0       53832
   (n,3n)       -12.142    -3   24596           0       15624
   (n,fission)  193.483    19       1           0      270896
   (n,4n)       -17.886    -4   24617           0        2584
   (n,n1)        -0.000    -1   24201        3912          16
   (n,n2)        -0.013    -1   24257        3480          16
   (n,n3)        -0.046    -1   24313       41216          16
   (n,n4)        -0.051    -1   24324        2728          16
   (n,n5)        -0.082    -1   24369        3400          16
   (n,n6)        -0.103    -1   24396       33048          16
   (n,n7)        -0.134    -1   24400        2520          16
   (n,n8)        -0.171    -1   24407       26624          16
   (n,n9)        -0.174    -1   24410        3272          16
   (n,n10)       -0.249    -1   24426       20408          16
   (n,n11)       -0.293    -1   24432        2784          16
   (n,n12)       -0.334    -1   24438        2448          16
   (n,n13)       -0.365    -1   24442        2856          16
   (n,n14)       -0.398    -1   24447        2872          16
   (n,n15)       -0.430    -1   24453       14784          16
   (n,n16)       -0.448    -1   24455        2968          16
   (n,n17)       -0.550    -1   24468       14424          16
   (n,n18)       -0.650    -1   24474       13152          16
   (n,n19)       -0.770    -1   24479       13176          16
   (n,n20)       -0.900    -1   24485       12496          16
   (n,n21)       -1.063    -1   24491       13608          16
   (n,n22)       -1.170    -1   24496       14264          16
   (n,n23)       -1.250    -1   24500       13376          16
   (n,n24)       -1.440    -1   24504       13296          16
   (n,n25)       -1.590    -1   24507       12960          16
   (n,n26)       -1.750    -1   24512       12672          16
   (n,n27)       -1.850    -1   24515       12288          16
   (n,n28)       -1.950    -1   24517       11776          16
   (n,n29)       -2.150    -1   24520       11512          16
   (n,n30)       -2.300    -1   24523       11032          16
   (n,n31)       -2.390    -1   24526        8096          16
   (n,n32)       -2.493    -1   24529       11456          16
   (n,n33)       -2.940    -1   24533       10920          16
   (n,n34)       -3.189    -1   24537       10680          16
   (n,n35)       -3.388    -1   24540       10288          16
   (n,n36)       -3.538    -1   24543       10048          16
   (n,n37)       -3.637    -1   24546        9928          16
   (n,n38)       -3.737    -1   24548        9784          16
   (n,n39)       -3.837    -1   24551        9784          16
   (n,n40)       -3.909    -1   24553        9368          16
   (n,nc)        -0.498    -1   24461           0      102776
   (n,gamma)      6.545     0       1           0           0
   (n,level)      0.000     0   24201           0           0
   Unresolved resonance probability table:
     # of energies = 14
     # of probabilities = 20
     Interpolation =  2
     Inelastic flag = 4
     Absorption flag = -1
     Multiply by smooth?  T
     Min energy = 2.25000E-03
     Max energy = 2.50000E-02
   Total memory used = 11405536 bytes

 Nuclide   1001.12c
   zaid = 1001
   awr = 0.999167
   kT = 1.03410E-07
   # of grid points = 250
   Fissionable =  F
   # of fission reactions = 0
   # of reactions = 3
   Size of cross sections = 16000 bytes
   Reaction    Q-value   Mult    IE    size(angle) size(energy)
   (elastic)      0.000     1       1       10320           0
   (n,gamma)      2.225     0       1           0           0
   (n,Xd)         0.000     0       1           0           0
   Total memory used = 26320 bytes

 Nuclide   8016.12c
   zaid = 8016
   awr = 15.8575
   kT = 1.03410E-07
   # of grid points = 2510
   Fissionable =  F
   # of fission reactions = 0
   # of reactions = 68
   Size of cross sections = 1465840 bytes
   Reaction    Q-value   Mult    IE    size(angle) size(energy)
   (elastic)      0.000     1       1      813976           0
   MT=5           0.000  -101    2407           0       43208
   (n,2n)       -15.664    -2    2219           0       30800
   (n,na)        -7.162    -1    1779           0       84688
   (n,n3a)      -14.437    -1    2214           0       29448
   (n,np)       -12.128    -1    2092           0       50176
   (n,nd)       -20.736    -1    2347           0       13656
   (n,2np)      -22.961    -2    2374           0        7640
   (n,n2p)      -22.335    -1    2366           0        7680
   (n,npa)      -23.119    -1    2378           0        7240
   (n,n1)        -6.049    -1    1511       11792          16
   (n,n2)        -6.130    -1    1566       11792          16
   (n,n3)        -6.917    -1    1746        8768          16
   (n,n4)        -7.117    -1    1773        8664          16
   (n,n5)        -8.872    -1    1911        8776          16
   (n,n6)       -10.957    -1    2040           0          16
   (n,n7)       -11.080    -1    2047           0          16
   (n,nc)        -9.585    -1    1950           0       71048
   (n,gamma)      4.143     0       1           0           0
   (n,p)         -9.637     0    1955           0           0
   (n,d)         -9.903     0    1973           0           0
   (n,t)        -14.479     0    2190           0           0
   (n,a)         -2.214     0     409           0           0
   (n,2a)       -12.863     0    2125           0           0
   (n,pa)       -19.749     0    2323           0           0
   (n,Xp)         0.000     0    1955           0           0
   (n,Xd)         0.000     0    1973           0           0
   (n,Xt)         0.000     0    2189           0           0
   (n,Xa)         0.000     0     409           0           0
   (n,p0)        -9.637     0    1955           0           0
   (n,p1)        -9.757     0    1965           0           0
   (n,p2)        -9.934     0    1979           0           0
   (n,p3)       -10.034     0    1985           0           0
   (n,d0)        -9.903     0    1973           0           0
   (n,d1)       -15.173     0    2207           0           0
   (n,d2)       -15.202     0    2208           0           0
   (n,d3)       -16.227     0    2233           0           0
   (n,d4)       -17.058     0    2256           0           0
   (n,d5)       -17.204     0    2260           0           0
   (n,d6)       -17.470     0    2267           0           0
   (n,d7)       -18.216     0    2283           0           0
   (n,d8)       -18.474     0    2292           0           0
   (n,d9)       -18.953     0    2302           0           0
   (n,d10)      -19.055     0    2304           0           0
   (n,d11)      -19.058     0    2306           0           0
   (n,d12)      -19.128     0    2308           0           0
   (n,d13)      -19.663     0    2318           0           0
   (n,d14)      -19.732     0    2321           0           0
   (n,d15)      -19.831     0    2326           0           0
   (n,d16)      -19.973     0    2328           0           0
   (n,d17)      -20.353     0    2337           0           0
   (n,d18)      -20.436     0    2339           0           0
   (n,d19)      -20.596     0    2342           0           0
   (n,t0)       -14.479     0    2190           0           0
   (n,t1)       -16.792     0    2249           0           0
   (n,t2)       -18.427     0    2289           0           0
   (n,t3)       -19.394     0    2313           0           0
   (n,t4)       -19.585     0    2316           0           0
   (n,t5)       -20.170     0    2331           0           0
   (n,t6)       -20.313     0    2335           0           0
   (n,t7)       -20.683     0    2344           0           0
   (n,t8)       -20.925     0    2352           0           0
   (n,t9)       -21.508     0    2357           0           0
   (n,tc)       -21.508     0    2357           0           0
   (n,a0)        -2.214     0     409           0           0
   (n,a1)        -5.305     0    1242           0           0
   (n,a2)        -5.900     0    1431           0           0
   (n,a3)        -6.069     0    1529           0           0
   Total memory used = 2675304 bytes


 ========================>     PROBLEM SUMMARY     <========================

 Problem type:                    Criticality
 Number of Cycles:                        110
 Number of Inactive Cycles:                10
 Number of Particles:                   10000

 =======================>     GEOMETRY SUMMARY     <========================

 Number of Cells:                           3
 Number of Surfaces:                        8
 Number of Materials:                       2

 ========================>     SURFACE SUMMARY     <========================

 Surface 1          
     Type = X Plane
     Coefficients =  10.00
     Positive Neighbors =  3
     Negative Neighbors = 1
     Boundary Condition = Transmission

 Surface 2          
     Type = X Plane
     Coefficients =  -10.00
     Positive Neighbors =  1
     Negative Neighbors = 2
     Boundary Condition = Transmission

 Surface 3          
     Type = Y Plane
     Coefficients =  1.000
     Positive Neighbors = 
     Negative Neighbors = 1 2 3
     Boundary Condition = Reflective

 Surface 4          
     Type = Y Plane
     Coefficients =  -1.000
     Positive Neighbors =  1 2 3
     Negative Neighbors =
     Boundary Condition = Reflective

 Surface 5          
     Type = Z Plane
     Coefficients =  1.000
     Positive Neighbors = 
     Negative Neighbors = 1 2 3
     Boundary Condition = Reflective

 Surface 6          
     Type = Z Plane
     Coefficients =  -1.000
     Positive Neighbors =  1 2 3
     Negative Neighbors =
     Boundary Condition = Reflective

 Surface 7          
     Type = X Plane
     Coefficients =  15.00
     Positive Neighbors = 
     Negative Neighbors = 3
     Boundary Condition = Vacuum

 Surface 8          
     Type = X Plane
     Coefficients =  -15.00
     Positive Neighbors =  2
     Negative Neighbors =
     Boundary Condition = Vacuum


 =========================>     CELL SUMMARY     <==========================

 Cell 1          
     Array Index = 1          
     Universe = 0          
     Fill = NONE
     Material = 1          
     Parent Cell = 0          
     Surface Specification: -1 2 -3 4 -5 6

 Cell 2          
     Array Index = 2          
     Universe = 0          
     Fill = NONE
     Material = 2          
     Parent Cell = 0          
     Surface Specification: 8 -2 -3 4 -5 6

 Cell 3          
     Array Index = 3          
     Universe = 0          
     Fill = NONE
     Material = 2          
     Parent Cell = 0          
     Surface Specification: -7 1 -3 4 -5 6


 =======================>     UNIVERSE SUMMARY     <========================

 Universe 0          
     Level = 0          
     Cells = 1 2 3


 =======================>     MATERIAL SUMMARY     <========================

 Material 1          
     Atom Density = 1.62994E-02 atom/b-cm
     Nuclides:
          92235.12c = 1.14096E-02 atom/b-cm
           1001.12c = 4.88983E-03 atom/b-cm

 Material 2          
     Atom Density = 6.96139E-02 atom/b-cm
     Nuclides:
           1001.12c = 4.64093E-02 atom/b-cm
           8016.12c = 2.32046E-02 atom/b-cm


 =========================>     TALLY SUMMARY     <=========================

 Tally 1          
     Mesh Bins: 30 x 1 x 1
     Incoming Energy Bins: 0.0 1.00000 20.0000
     Macro Reactions: flux total

 Tally 2          
     Mesh Bins: 30 x 1 x 1
     Incoming Energy Bins: 0.0 1.00000 20.0000
     Outgoing Energy Bins: 0.0 1.00000 20.0000
     Macro Reactions: nu-fission

 Tally 3          
     Mesh Bins: 30 x 1 x 1
     Incoming Energy Bins: 0.0 1.00000 20.0000
     Macro Reactions:


 =====================>     UNIONIZED ENERGY GRID     <=====================

 Points on energy grid:  26988
 Extra storage required: 323856 bytes

 ======================>     VARIANCE REDUCTION     <=======================

 Survival Biasing:                off
 Weight Cutoff:                   0.250000
 Survival weight:                 1.00000
