
 ============================>     TALLY 1     <============================

 Mesh Index (1, 1, 1)
   Flux                        0.483299       +/- 1.89291E-03
   Total Reaction Rate         0.341654       +/- 1.44687E-03
   First Scattering Moment     1.62299E-03    +/- 3.29555E-04
 Mesh Index (2, 1, 1)
   Flux                        0.663176       +/- 2.31638E-03
   Total Reaction Rate         0.492421       +/- 2.00960E-03
   First Scattering Moment     1.73371E-03    +/- 3.99558E-04
 Mesh Index (3, 1, 1)
   Flux                        0.805551       +/- 2.51120E-03
   Total Reaction Rate         0.583492       +/- 2.26478E-03
   First Scattering Moment     2.18794E-03    +/- 4.46705E-04
 Mesh Index (4, 1, 1)
   Flux                        0.920844       +/- 2.70272E-03
   Total Reaction Rate         0.617340       +/- 2.19605E-03
   First Scattering Moment     2.73541E-03    +/- 4.93000E-04
 Mesh Index (5, 1, 1)
   Flux                        1.03209        +/- 2.71711E-03
   Total Reaction Rate         0.591195       +/- 1.81852E-03
   First Scattering Moment     4.35978E-03    +/- 5.00133E-04
 Mesh Index (6, 1, 1)
   Flux                        1.09457        +/- 3.57236E-03
   Total Reaction Rate         0.197589       +/- 5.51706E-04
   First Scattering Moment     2.36780E-02    +/- 2.13577E-04
 Mesh Index (7, 1, 1)
   Flux                        1.09743        +/- 3.45684E-03
   Total Reaction Rate         0.160594       +/- 5.20716E-04
   First Scattering Moment     2.44912E-02    +/- 2.02718E-04
 Mesh Index (8, 1, 1)
   Flux                        1.11981        +/- 3.27893E-03
   Total Reaction Rate         0.157431       +/- 4.47164E-04
   First Scattering Moment     2.54315E-02    +/- 2.22945E-04
 Mesh Index (9, 1, 1)
   Flux                        1.14784        +/- 3.79775E-03
   Total Reaction Rate         0.158423       +/- 5.26596E-04
   First Scattering Moment     2.60694E-02    +/- 2.45530E-04
 Mesh Index (10, 1, 1)
   Flux                        1.15924        +/- 4.03391E-03
   Total Reaction Rate         0.158508       +/- 5.57261E-04
   First Scattering Moment     2.62274E-02    +/- 2.49543E-04
 Mesh Index (11, 1, 1)
   Flux                        1.17875        +/- 3.80286E-03
   Total Reaction Rate         0.160243       +/- 5.23705E-04
   First Scattering Moment     2.73457E-02    +/- 2.20652E-04
 Mesh Index (12, 1, 1)
   Flux                        1.19373        +/- 3.68132E-03
   Total Reaction Rate         0.161462       +/- 5.27103E-04
   First Scattering Moment     2.77762E-02    +/- 2.56610E-04
 Mesh Index (13, 1, 1)
   Flux                        1.21189        +/- 3.88646E-03
   Total Reaction Rate         0.163853       +/- 5.12698E-04
   First Scattering Moment     2.82009E-02    +/- 2.41253E-04
 Mesh Index (14, 1, 1)
   Flux                        1.22090        +/- 3.74799E-03
   Total Reaction Rate         0.164748       +/- 5.39039E-04
   First Scattering Moment     2.83355E-02    +/- 2.48031E-04
 Mesh Index (15, 1, 1)
   Flux                        1.23539        +/- 4.30788E-03
   Total Reaction Rate         0.166389       +/- 5.92738E-04
   First Scattering Moment     2.83581E-02    +/- 2.79351E-04
 Mesh Index (16, 1, 1)
   Flux                        1.23567        +/- 4.13617E-03
   Total Reaction Rate         0.166254       +/- 5.44128E-04
   First Scattering Moment     2.86762E-02    +/- 2.34205E-04
 Mesh Index (17, 1, 1)
   Flux                        1.21771        +/- 3.67057E-03
   Total Reaction Rate         0.164329       +/- 5.08012E-04
   First Scattering Moment     2.84854E-02    +/- 2.29357E-04
 Mesh Index (18, 1, 1)
   Flux                        1.21090        +/- 4.26349E-03
   Total Reaction Rate         0.163261       +/- 5.68953E-04
   First Scattering Moment     2.85214E-02    +/- 2.54984E-04
 Mesh Index (19, 1, 1)
   Flux                        1.20440        +/- 3.90105E-03
   Total Reaction Rate         0.162571       +/- 5.49770E-04
   First Scattering Moment     2.77077E-02    +/- 2.57010E-04
 Mesh Index (20, 1, 1)
   Flux                        1.17740        +/- 4.07784E-03
   Total Reaction Rate         0.159630       +/- 5.48163E-04
   First Scattering Moment     2.72754E-02    +/- 2.11106E-04
 Mesh Index (21, 1, 1)
   Flux                        1.15824        +/- 3.58371E-03
   Total Reaction Rate         0.157643       +/- 5.01925E-04
   First Scattering Moment     2.74083E-02    +/- 2.51523E-04
 Mesh Index (22, 1, 1)
   Flux                        1.12296        +/- 4.11409E-03
   Total Reaction Rate         0.154704       +/- 6.09854E-04
   First Scattering Moment     2.57939E-02    +/- 1.95152E-04
 Mesh Index (23, 1, 1)
   Flux                        1.09267        +/- 3.54979E-03
   Total Reaction Rate         0.153114       +/- 5.37716E-04
   First Scattering Moment     2.49073E-02    +/- 2.15086E-04
 Mesh Index (24, 1, 1)
   Flux                        1.06795        +/- 3.53333E-03
   Total Reaction Rate         0.155443       +/- 5.07386E-04
   First Scattering Moment     2.37553E-02    +/- 2.32668E-04
 Mesh Index (25, 1, 1)
   Flux                        1.07313        +/- 4.00800E-03
   Total Reaction Rate         0.192255       +/- 6.65033E-04
   First Scattering Moment     2.32696E-02    +/- 2.35352E-04
 Mesh Index (26, 1, 1)
   Flux                        1.00254        +/- 2.89904E-03
   Total Reaction Rate         0.569246       +/- 2.13298E-03
   First Scattering Moment     4.38660E-03    +/- 4.43478E-04
 Mesh Index (27, 1, 1)
   Flux                        0.896344       +/- 2.96906E-03
   Total Reaction Rate         0.596877       +/- 2.58546E-03
   First Scattering Moment     2.49761E-03    +/- 4.31463E-04
 Mesh Index (28, 1, 1)
   Flux                        0.781684       +/- 2.73535E-03
   Total Reaction Rate         0.562197       +/- 2.64246E-03
   First Scattering Moment     1.92226E-03    +/- 4.00384E-04
 Mesh Index (29, 1, 1)
   Flux                        0.647644       +/- 2.36352E-03
   Total Reaction Rate         0.476661       +/- 1.95907E-03
   First Scattering Moment     1.73035E-03    +/- 4.08140E-04
 Mesh Index (30, 1, 1)
   Flux                        0.471508       +/- 1.95928E-03
   Total Reaction Rate         0.330068       +/- 1.46811E-03
   First Scattering Moment     9.17704E-04    +/- 3.57024E-04

 ============================>     TALLY 2     <============================

 Mesh Index (1, 1, 1)
   Scattering Production Rate  0.341100       +/- 1.44211E-03
   Nu-Fission Rate             0.0            +/- 0.0
 Mesh Index (2, 1, 1)
   Scattering Production Rate  0.491520       +/- 2.00848E-03
   Nu-Fission Rate             0.0            +/- 0.0
 Mesh Index (3, 1, 1)
   Scattering Production Rate  0.582382       +/- 2.25499E-03
   Nu-Fission Rate             0.0            +/- 0.0
 Mesh Index (4, 1, 1)
   Scattering Production Rate  0.616362       +/- 2.19256E-03
   Nu-Fission Rate             0.0            +/- 0.0
 Mesh Index (5, 1, 1)
   Scattering Production Rate  0.590520       +/- 1.81729E-03
   Nu-Fission Rate             0.0            +/- 0.0
 Mesh Index (6, 1, 1)
   Scattering Production Rate  0.135800       +/- 4.56892E-04
   Nu-Fission Rate             0.121875       +/- 3.92189E-04
 Mesh Index (7, 1, 1)
   Scattering Production Rate  0.130831       +/- 4.66135E-04
   Nu-Fission Rate             6.06970E-02    +/- 2.46623E-04
 Mesh Index (8, 1, 1)
   Scattering Production Rate  0.131477       +/- 4.05987E-04
   Nu-Fission Rate             5.46579E-02    +/- 1.83758E-04
 Mesh Index (9, 1, 1)
   Scattering Production Rate  0.133356       +/- 4.61572E-04
   Nu-Fission Rate             5.32175E-02    +/- 1.87549E-04
 Mesh Index (10, 1, 1)
   Scattering Production Rate  0.134207       +/- 5.01446E-04
   Nu-Fission Rate             5.19824E-02    +/- 1.96626E-04
 Mesh Index (11, 1, 1)
   Scattering Production Rate  0.136097       +/- 5.00383E-04
   Nu-Fission Rate             5.21744E-02    +/- 1.84098E-04
 Mesh Index (12, 1, 1)
   Scattering Production Rate  0.137566       +/- 4.88781E-04
   Nu-Fission Rate             5.20637E-02    +/- 1.71323E-04
 Mesh Index (13, 1, 1)
   Scattering Production Rate  0.139806       +/- 4.79095E-04
   Nu-Fission Rate             5.25239E-02    +/- 1.86440E-04
 Mesh Index (14, 1, 1)
   Scattering Production Rate  0.140817       +/- 4.96941E-04
   Nu-Fission Rate             5.26474E-02    +/- 1.84574E-04
 Mesh Index (15, 1, 1)
   Scattering Production Rate  0.141909       +/- 5.64200E-04
   Nu-Fission Rate             5.32409E-02    +/- 2.04834E-04
 Mesh Index (16, 1, 1)
   Scattering Production Rate  0.141673       +/- 4.83206E-04
   Nu-Fission Rate             5.31016E-02    +/- 1.87547E-04
 Mesh Index (17, 1, 1)
   Scattering Production Rate  0.140266       +/- 4.72551E-04
   Nu-Fission Rate             5.24402E-02    +/- 1.76907E-04
 Mesh Index (18, 1, 1)
   Scattering Production Rate  0.139268       +/- 5.51140E-04
   Nu-Fission Rate             5.22930E-02    +/- 1.90532E-04
 Mesh Index (19, 1, 1)
   Scattering Production Rate  0.138254       +/- 5.00185E-04
   Nu-Fission Rate             5.22895E-02    +/- 1.92080E-04
 Mesh Index (20, 1, 1)
   Scattering Production Rate  0.136011       +/- 5.00581E-04
   Nu-Fission Rate             5.16706E-02    +/- 1.85103E-04
 Mesh Index (21, 1, 1)
   Scattering Production Rate  0.133437       +/- 4.72749E-04
   Nu-Fission Rate             5.16401E-02    +/- 1.74163E-04
 Mesh Index (22, 1, 1)
   Scattering Production Rate  0.130361       +/- 5.48095E-04
   Nu-Fission Rate             5.18131E-02    +/- 2.12192E-04
 Mesh Index (23, 1, 1)
   Scattering Production Rate  0.127771       +/- 4.79054E-04
   Nu-Fission Rate             5.31291E-02    +/- 2.08867E-04
 Mesh Index (24, 1, 1)
   Scattering Production Rate  0.126770       +/- 4.28095E-04
   Nu-Fission Rate             5.87479E-02    +/- 2.32944E-04
 Mesh Index (25, 1, 1)
   Scattering Production Rate  0.132246       +/- 5.13771E-04
   Nu-Fission Rate             0.118449       +/- 4.93251E-04
 Mesh Index (26, 1, 1)
   Scattering Production Rate  0.568578       +/- 2.13014E-03
   Nu-Fission Rate             0.0            +/- 0.0
 Mesh Index (27, 1, 1)
   Scattering Production Rate  0.595941       +/- 2.58487E-03
   Nu-Fission Rate             0.0            +/- 0.0
 Mesh Index (28, 1, 1)
   Scattering Production Rate  0.561151       +/- 2.64046E-03
   Nu-Fission Rate             0.0            +/- 0.0
 Mesh Index (29, 1, 1)
   Scattering Production Rate  0.475741       +/- 1.96061E-03
   Nu-Fission Rate             0.0            +/- 0.0
 Mesh Index (30, 1, 1)
   Scattering Production Rate  0.329489       +/- 1.46610E-03
   Nu-Fission Rate             0.0            +/- 0.0

 ============================>     TALLY 3     <============================

 Mesh Index (1, 1, 1)
     Outgoing Current to Left     0.213117       +/- 4.95982E-04
     Incoming Current from Left   0.0            +/- 0.0
     Incoming Current from Right  0.260746       +/- 6.18327E-04
     Outgoing Current to Right    4.70750E-02    +/- 2.67912E-04
     Outgoing Current to Back     0.0            +/- 0.0
     Incoming Current from Back   0.0            +/- 0.0
     Incoming Current from Front  0.0            +/- 0.0
     Outgoing Current to Front    0.0            +/- 0.0
     Outgoing Current to Bottom   0.0            +/- 0.0
     Incoming Current from Bottom 0.0            +/- 0.0
     Incoming Current from Top    0.0            +/- 0.0
     Outgoing Current to Top      0.0            +/- 0.0
 Mesh Index (2, 1, 1)
     Outgoing Current to Left     0.260746       +/- 6.18327E-04
     Incoming Current from Left   4.70750E-02    +/- 2.67912E-04
     Incoming Current from Right  0.299201       +/- 6.78390E-04
     Outgoing Current to Right    8.46290E-02    +/- 3.65736E-04
     Outgoing Current to Back     0.0            +/- 0.0
     Incoming Current from Back   0.0            +/- 0.0
     Incoming Current from Front  0.0            +/- 0.0
     Outgoing Current to Front    0.0            +/- 0.0
     Outgoing Current to Bottom   0.0            +/- 0.0
     Incoming Current from Bottom 0.0            +/- 0.0
     Incoming Current from Top    0.0            +/- 0.0
     Outgoing Current to Top      0.0            +/- 0.0
 Mesh Index (3, 1, 1)
     Outgoing Current to Left     0.299201       +/- 6.78390E-04
     Incoming Current from Left   8.46290E-02    +/- 3.65736E-04
     Incoming Current from Right  0.329018       +/- 6.66439E-04
     Outgoing Current to Right    0.113336       +/- 4.22877E-04
     Outgoing Current to Back     0.0            +/- 0.0
     Incoming Current from Back   0.0            +/- 0.0
     Incoming Current from Front  0.0            +/- 0.0
     Outgoing Current to Front    0.0            +/- 0.0
     Outgoing Current to Bottom   0.0            +/- 0.0
     Incoming Current from Bottom 0.0            +/- 0.0
     Incoming Current from Top    0.0            +/- 0.0
     Outgoing Current to Top      0.0            +/- 0.0
 Mesh Index (4, 1, 1)
     Outgoing Current to Left     0.329018       +/- 6.66439E-04
     Incoming Current from Left   0.113336       +/- 4.22877E-04
     Incoming Current from Right  0.351536       +/- 6.53456E-04
     Outgoing Current to Right    0.134876       +/- 4.63864E-04
     Outgoing Current to Back     0.0            +/- 0.0
     Incoming Current from Back   0.0            +/- 0.0
     Incoming Current from Front  0.0            +/- 0.0
     Outgoing Current to Front    0.0            +/- 0.0
     Outgoing Current to Bottom   0.0            +/- 0.0
     Incoming Current from Bottom 0.0            +/- 0.0
     Incoming Current from Top    0.0            +/- 0.0
     Outgoing Current to Top      0.0            +/- 0.0
 Mesh Index (5, 1, 1)
     Outgoing Current to Left     0.351536       +/- 6.53456E-04
     Incoming Current from Left   0.134876       +/- 4.63864E-04
     Incoming Current from Right  0.364624       +/- 6.52462E-04
     Outgoing Current to Right    0.147289       +/- 4.26624E-04
     Outgoing Current to Back     0.0            +/- 0.0
     Incoming Current from Back   0.0            +/- 0.0
     Incoming Current from Front  0.0            +/- 0.0
     Outgoing Current to Front    0.0            +/- 0.0
     Outgoing Current to Bottom   0.0            +/- 0.0
     Incoming Current from Bottom 0.0            +/- 0.0
     Incoming Current from Top    0.0            +/- 0.0
     Outgoing Current to Top      0.0            +/- 0.0
 Mesh Index (6, 1, 1)
     Outgoing Current to Left     0.364624       +/- 6.52462E-04
     Incoming Current from Left   0.147289       +/- 4.26624E-04
     Incoming Current from Right  0.335861       +/- 5.60894E-04
     Outgoing Current to Right    0.158455       +/- 4.11651E-04
     Outgoing Current to Back     0.0            +/- 0.0
     Incoming Current from Back   0.0            +/- 0.0
     Incoming Current from Front  0.0            +/- 0.0
     Outgoing Current to Front    0.0            +/- 0.0
     Outgoing Current to Bottom   0.0            +/- 0.0
     Incoming Current from Bottom 0.0            +/- 0.0
     Incoming Current from Top    0.0            +/- 0.0
     Outgoing Current to Top      0.0            +/- 0.0
 Mesh Index (7, 1, 1)
     Outgoing Current to Left     0.335861       +/- 5.60894E-04
     Incoming Current from Left   0.158455       +/- 4.11651E-04
     Incoming Current from Right  0.330530       +/- 5.35934E-04
     Outgoing Current to Right    0.174138       +/- 3.86313E-04
     Outgoing Current to Back     0.0            +/- 0.0
     Incoming Current from Back   0.0            +/- 0.0
     Incoming Current from Front  0.0            +/- 0.0
     Outgoing Current to Front    0.0            +/- 0.0
     Outgoing Current to Bottom   0.0            +/- 0.0
     Incoming Current from Bottom 0.0            +/- 0.0
     Incoming Current from Top    0.0            +/- 0.0
     Outgoing Current to Top      0.0            +/- 0.0
 Mesh Index (8, 1, 1)
     Outgoing Current to Left     0.330530       +/- 5.35934E-04
     Incoming Current from Left   0.174138       +/- 3.86313E-04
     Incoming Current from Right  0.327019       +/- 5.51820E-04
     Outgoing Current to Right    0.190111       +/- 4.27909E-04
     Outgoing Current to Back     0.0            +/- 0.0
     Incoming Current from Back   0.0            +/- 0.0
     Incoming Current from Front  0.0            +/- 0.0
     Outgoing Current to Front    0.0            +/- 0.0
     Outgoing Current to Bottom   0.0            +/- 0.0
     Incoming Current from Bottom 0.0            +/- 0.0
     Incoming Current from Top    0.0            +/- 0.0
     Outgoing Current to Top      0.0            +/- 0.0
 Mesh Index (9, 1, 1)
     Outgoing Current to Left     0.327019       +/- 5.51820E-04
     Incoming Current from Left   0.190111       +/- 4.27909E-04
     Incoming Current from Right  0.323059       +/- 5.58881E-04
     Outgoing Current to Right    0.205523       +/- 4.47774E-04
     Outgoing Current to Back     0.0            +/- 0.0
     Incoming Current from Back   0.0            +/- 0.0
     Incoming Current from Front  0.0            +/- 0.0
     Outgoing Current to Front    0.0            +/- 0.0
     Outgoing Current to Bottom   0.0            +/- 0.0
     Incoming Current from Bottom 0.0            +/- 0.0
     Incoming Current from Top    0.0            +/- 0.0
     Outgoing Current to Top      0.0            +/- 0.0
 Mesh Index (10, 1, 1)
     Outgoing Current to Left     0.323059       +/- 5.58881E-04
     Incoming Current from Left   0.205523       +/- 4.47774E-04
     Incoming Current from Right  0.318764       +/- 5.55965E-04
     Outgoing Current to Right    0.220497       +/- 4.61843E-04
     Outgoing Current to Back     0.0            +/- 0.0
     Incoming Current from Back   0.0            +/- 0.0
     Incoming Current from Front  0.0            +/- 0.0
     Outgoing Current to Front    0.0            +/- 0.0
     Outgoing Current to Bottom   0.0            +/- 0.0
     Incoming Current from Bottom 0.0            +/- 0.0
     Incoming Current from Top    0.0            +/- 0.0
     Outgoing Current to Top      0.0            +/- 0.0
 Mesh Index (11, 1, 1)
     Outgoing Current to Left     0.318764       +/- 5.55965E-04
     Incoming Current from Left   0.220497       +/- 4.61843E-04
     Incoming Current from Right  0.313370       +/- 5.92281E-04
     Outgoing Current to Right    0.234260       +/- 4.93240E-04
     Outgoing Current to Back     0.0            +/- 0.0
     Incoming Current from Back   0.0            +/- 0.0
     Incoming Current from Front  0.0            +/- 0.0
     Outgoing Current to Front    0.0            +/- 0.0
     Outgoing Current to Bottom   0.0            +/- 0.0
     Incoming Current from Bottom 0.0            +/- 0.0
     Incoming Current from Top    0.0            +/- 0.0
     Outgoing Current to Top      0.0            +/- 0.0
 Mesh Index (12, 1, 1)
     Outgoing Current to Left     0.313370       +/- 5.92281E-04
     Incoming Current from Left   0.234260       +/- 4.93240E-04
     Incoming Current from Right  0.307622       +/- 6.06059E-04
     Outgoing Current to Right    0.247409       +/- 5.14269E-04
     Outgoing Current to Back     0.0            +/- 0.0
     Incoming Current from Back   0.0            +/- 0.0
     Incoming Current from Front  0.0            +/- 0.0
     Outgoing Current to Front    0.0            +/- 0.0
     Outgoing Current to Bottom   0.0            +/- 0.0
     Incoming Current from Bottom 0.0            +/- 0.0
     Incoming Current from Top    0.0            +/- 0.0
     Outgoing Current to Top      0.0            +/- 0.0
 Mesh Index (13, 1, 1)
     Outgoing Current to Left     0.307622       +/- 6.06059E-04
     Incoming Current from Left   0.247409       +/- 5.14269E-04
     Incoming Current from Right  0.300412       +/- 5.92713E-04
     Outgoing Current to Right    0.259663       +/- 5.53972E-04
     Outgoing Current to Back     0.0            +/- 0.0
     Incoming Current from Back   0.0            +/- 0.0
     Incoming Current from Front  0.0            +/- 0.0
     Outgoing Current to Front    0.0            +/- 0.0
     Outgoing Current to Bottom   0.0            +/- 0.0
     Incoming Current from Bottom 0.0            +/- 0.0
     Incoming Current from Top    0.0            +/- 0.0
     Outgoing Current to Top      0.0            +/- 0.0
 Mesh Index (14, 1, 1)
     Outgoing Current to Left     0.300412       +/- 5.92713E-04
     Incoming Current from Left   0.259663       +/- 5.53972E-04
     Incoming Current from Right  0.292283       +/- 5.87706E-04
     Outgoing Current to Right    0.270928       +/- 5.52216E-04
     Outgoing Current to Back     0.0            +/- 0.0
     Incoming Current from Back   0.0            +/- 0.0
     Incoming Current from Front  0.0            +/- 0.0
     Outgoing Current to Front    0.0            +/- 0.0
     Outgoing Current to Bottom   0.0            +/- 0.0
     Incoming Current from Bottom 0.0            +/- 0.0
     Incoming Current from Top    0.0            +/- 0.0
     Outgoing Current to Top      0.0            +/- 0.0
 Mesh Index (15, 1, 1)
     Outgoing Current to Left     0.292283       +/- 5.87706E-04
     Incoming Current from Left   0.270928       +/- 5.52216E-04
     Incoming Current from Right  0.282799       +/- 5.49583E-04
     Outgoing Current to Right    0.281422       +/- 5.96705E-04
     Outgoing Current to Back     0.0            +/- 0.0
     Incoming Current from Back   0.0            +/- 0.0
     Incoming Current from Front  0.0            +/- 0.0
     Outgoing Current to Front    0.0            +/- 0.0
     Outgoing Current to Bottom   0.0            +/- 0.0
     Incoming Current from Bottom 0.0            +/- 0.0
     Incoming Current from Top    0.0            +/- 0.0
     Outgoing Current to Top      0.0            +/- 0.0
 Mesh Index (16, 1, 1)
     Outgoing Current to Left     0.282799       +/- 5.49583E-04
     Incoming Current from Left   0.281422       +/- 5.96705E-04
     Incoming Current from Right  0.272046       +/- 5.18799E-04
     Outgoing Current to Right    0.290606       +/- 5.70603E-04
     Outgoing Current to Back     0.0            +/- 0.0
     Incoming Current from Back   0.0            +/- 0.0
     Incoming Current from Front  0.0            +/- 0.0
     Outgoing Current to Front    0.0            +/- 0.0
     Outgoing Current to Bottom   0.0            +/- 0.0
     Incoming Current from Bottom 0.0            +/- 0.0
     Incoming Current from Top    0.0            +/- 0.0
     Outgoing Current to Top      0.0            +/- 0.0
 Mesh Index (17, 1, 1)
     Outgoing Current to Left     0.272046       +/- 5.18799E-04
     Incoming Current from Left   0.290606       +/- 5.70603E-04
     Incoming Current from Right  0.260149       +/- 5.62271E-04
     Outgoing Current to Right    0.298332       +/- 5.68918E-04
     Outgoing Current to Back     0.0            +/- 0.0
     Incoming Current from Back   0.0            +/- 0.0
     Incoming Current from Front  0.0            +/- 0.0
     Outgoing Current to Front    0.0            +/- 0.0
     Outgoing Current to Bottom   0.0            +/- 0.0
     Incoming Current from Bottom 0.0            +/- 0.0
     Incoming Current from Top    0.0            +/- 0.0
     Outgoing Current to Top      0.0            +/- 0.0
 Mesh Index (18, 1, 1)
     Outgoing Current to Left     0.260149       +/- 5.62271E-04
     Incoming Current from Left   0.298332       +/- 5.68918E-04
     Incoming Current from Right  0.247529       +/- 5.85946E-04
     Outgoing Current to Right    0.304938       +/- 6.23318E-04
     Outgoing Current to Back     0.0            +/- 0.0
     Incoming Current from Back   0.0            +/- 0.0
     Incoming Current from Front  0.0            +/- 0.0
     Outgoing Current to Front    0.0            +/- 0.0
     Outgoing Current to Bottom   0.0            +/- 0.0
     Incoming Current from Bottom 0.0            +/- 0.0
     Incoming Current from Top    0.0            +/- 0.0
     Outgoing Current to Top      0.0            +/- 0.0
 Mesh Index (19, 1, 1)
     Outgoing Current to Left     0.247529       +/- 5.85946E-04
     Incoming Current from Left   0.304938       +/- 6.23318E-04
     Incoming Current from Right  0.233516       +/- 5.33803E-04
     Outgoing Current to Right    0.310675       +/- 6.17730E-04
     Outgoing Current to Back     0.0            +/- 0.0
     Incoming Current from Back   0.0            +/- 0.0
     Incoming Current from Front  0.0            +/- 0.0
     Outgoing Current to Front    0.0            +/- 0.0
     Outgoing Current to Bottom   0.0            +/- 0.0
     Incoming Current from Bottom 0.0            +/- 0.0
     Incoming Current from Top    0.0            +/- 0.0
     Outgoing Current to Top      0.0            +/- 0.0
 Mesh Index (20, 1, 1)
     Outgoing Current to Left     0.233516       +/- 5.33803E-04
     Incoming Current from Left   0.310675       +/- 6.17730E-04
     Incoming Current from Right  0.219015       +/- 5.05914E-04
     Outgoing Current to Right    0.315173       +/- 6.19244E-04
     Outgoing Current to Back     0.0            +/- 0.0
     Incoming Current from Back   0.0            +/- 0.0
     Incoming Current from Front  0.0            +/- 0.0
     Outgoing Current to Front    0.0            +/- 0.0
     Outgoing Current to Bottom   0.0            +/- 0.0
     Incoming Current from Bottom 0.0            +/- 0.0
     Incoming Current from Top    0.0            +/- 0.0
     Outgoing Current to Top      0.0            +/- 0.0
 Mesh Index (21, 1, 1)
     Outgoing Current to Left     0.219015       +/- 5.05914E-04
     Incoming Current from Left   0.315173       +/- 6.19244E-04
     Incoming Current from Right  0.203533       +/- 4.66000E-04
     Outgoing Current to Right    0.318905       +/- 6.41287E-04
     Outgoing Current to Back     0.0            +/- 0.0
     Incoming Current from Back   0.0            +/- 0.0
     Incoming Current from Front  0.0            +/- 0.0
     Outgoing Current to Front    0.0            +/- 0.0
     Outgoing Current to Bottom   0.0            +/- 0.0
     Incoming Current from Bottom 0.0            +/- 0.0
     Incoming Current from Top    0.0            +/- 0.0
     Outgoing Current to Top      0.0            +/- 0.0
 Mesh Index (22, 1, 1)
     Outgoing Current to Left     0.203533       +/- 4.66000E-04
     Incoming Current from Left   0.318905       +/- 6.41287E-04
     Incoming Current from Right  0.187422       +/- 4.74138E-04
     Outgoing Current to Right    0.321532       +/- 6.05830E-04
     Outgoing Current to Back     0.0            +/- 0.0
     Incoming Current from Back   0.0            +/- 0.0
     Incoming Current from Front  0.0            +/- 0.0
     Outgoing Current to Front    0.0            +/- 0.0
     Outgoing Current to Bottom   0.0            +/- 0.0
     Incoming Current from Bottom 0.0            +/- 0.0
     Incoming Current from Top    0.0            +/- 0.0
     Outgoing Current to Top      0.0            +/- 0.0
 Mesh Index (23, 1, 1)
     Outgoing Current to Left     0.187422       +/- 4.74138E-04
     Incoming Current from Left   0.321532       +/- 6.05830E-04
     Incoming Current from Right  0.171434       +/- 4.33006E-04
     Outgoing Current to Right    0.324472       +/- 6.01199E-04
     Outgoing Current to Back     0.0            +/- 0.0
     Incoming Current from Back   0.0            +/- 0.0
     Incoming Current from Front  0.0            +/- 0.0
     Outgoing Current to Front    0.0            +/- 0.0
     Outgoing Current to Bottom   0.0            +/- 0.0
     Incoming Current from Bottom 0.0            +/- 0.0
     Incoming Current from Top    0.0            +/- 0.0
     Outgoing Current to Top      0.0            +/- 0.0
 Mesh Index (24, 1, 1)
     Outgoing Current to Left     0.171434       +/- 4.33006E-04
     Incoming Current from Left   0.324472       +/- 6.01199E-04
     Incoming Current from Right  0.154944       +/- 4.67301E-04
     Outgoing Current to Right    0.328128       +/- 5.84473E-04
     Outgoing Current to Back     0.0            +/- 0.0
     Incoming Current from Back   0.0            +/- 0.0
     Incoming Current from Front  0.0            +/- 0.0
     Outgoing Current to Front    0.0            +/- 0.0
     Outgoing Current to Bottom   0.0            +/- 0.0
     Incoming Current from Bottom 0.0            +/- 0.0
     Incoming Current from Top    0.0            +/- 0.0
     Outgoing Current to Top      0.0            +/- 0.0
 Mesh Index (25, 1, 1)
     Outgoing Current to Left     0.154944       +/- 4.67301E-04
     Incoming Current from Left   0.328128       +/- 5.84473E-04
     Incoming Current from Right  0.143149       +/- 4.19241E-04
     Outgoing Current to Right    0.355293       +/- 6.00881E-04
     Outgoing Current to Back     0.0            +/- 0.0
     Incoming Current from Back   0.0            +/- 0.0
     Incoming Current from Front  0.0            +/- 0.0
     Outgoing Current to Front    0.0            +/- 0.0
     Outgoing Current to Bottom   0.0            +/- 0.0
     Incoming Current from Bottom 0.0            +/- 0.0
     Incoming Current from Top    0.0            +/- 0.0
     Outgoing Current to Top      0.0            +/- 0.0
 Mesh Index (26, 1, 1)
     Outgoing Current to Left     0.143149       +/- 4.19241E-04
     Incoming Current from Left   0.355293       +/- 6.00881E-04
     Incoming Current from Right  0.131163       +/- 5.05592E-04
     Outgoing Current to Right    0.342639       +/- 6.51447E-04
     Outgoing Current to Back     0.0            +/- 0.0
     Incoming Current from Back   0.0            +/- 0.0
     Incoming Current from Front  0.0            +/- 0.0
     Outgoing Current to Front    0.0            +/- 0.0
     Outgoing Current to Bottom   0.0            +/- 0.0
     Incoming Current from Bottom 0.0            +/- 0.0
     Incoming Current from Top    0.0            +/- 0.0
     Outgoing Current to Top      0.0            +/- 0.0
 Mesh Index (27, 1, 1)
     Outgoing Current to Left     0.131163       +/- 5.05592E-04
     Incoming Current from Left   0.342639       +/- 6.51447E-04
     Incoming Current from Right  0.110545       +/- 4.92496E-04
     Outgoing Current to Right    0.321085       +/- 6.70144E-04
     Outgoing Current to Back     0.0            +/- 0.0
     Incoming Current from Back   0.0            +/- 0.0
     Incoming Current from Front  0.0            +/- 0.0
     Outgoing Current to Front    0.0            +/- 0.0
     Outgoing Current to Bottom   0.0            +/- 0.0
     Incoming Current from Bottom 0.0            +/- 0.0
     Incoming Current from Top    0.0            +/- 0.0
     Outgoing Current to Top      0.0            +/- 0.0
 Mesh Index (28, 1, 1)
     Outgoing Current to Left     0.110545       +/- 4.92496E-04
     Incoming Current from Left   0.321085       +/- 6.70144E-04
     Incoming Current from Right  8.22430E-02    +/- 3.95624E-04
     Outgoing Current to Right    0.291737       +/- 6.57692E-04
     Outgoing Current to Back     0.0            +/- 0.0
     Incoming Current from Back   0.0            +/- 0.0
     Incoming Current from Front  0.0            +/- 0.0
     Outgoing Current to Front    0.0            +/- 0.0
     Outgoing Current to Bottom   0.0            +/- 0.0
     Incoming Current from Bottom 0.0            +/- 0.0
     Incoming Current from Top    0.0            +/- 0.0
     Outgoing Current to Top      0.0            +/- 0.0
 Mesh Index (29, 1, 1)
     Outgoing Current to Left     8.22430E-02    +/- 3.95624E-04
     Incoming Current from Left   0.291737       +/- 6.57692E-04
     Incoming Current from Right  4.58740E-02    +/- 2.59864E-04
     Outgoing Current to Right    0.254448       +/- 5.39708E-04
     Outgoing Current to Back     0.0            +/- 0.0
     Incoming Current from Back   0.0            +/- 0.0
     Incoming Current from Front  0.0            +/- 0.0
     Outgoing Current to Front    0.0            +/- 0.0
     Outgoing Current to Bottom   0.0            +/- 0.0
     Incoming Current from Bottom 0.0            +/- 0.0
     Incoming Current from Top    0.0            +/- 0.0
     Outgoing Current to Top      0.0            +/- 0.0
 Mesh Index (30, 1, 1)
     Outgoing Current to Left     4.58740E-02    +/- 2.59864E-04
     Incoming Current from Left   0.254448       +/- 5.39708E-04
     Incoming Current from Right  0.0            +/- 0.0
     Outgoing Current to Right    0.207995       +/- 4.28029E-04
     Outgoing Current to Back     0.0            +/- 0.0
     Incoming Current from Back   0.0            +/- 0.0
     Incoming Current from Front  0.0            +/- 0.0
     Outgoing Current to Front    0.0            +/- 0.0
     Outgoing Current to Bottom   0.0            +/- 0.0
     Incoming Current from Bottom 0.0            +/- 0.0
     Incoming Current from Top    0.0            +/- 0.0
     Outgoing Current to Top      0.0            +/- 0.0
